Archive member included to satisfy reference by file (symbol)

c:/st/stm32cubeide_1.10.1/stm32cubeide/plugins/com.st.stm32cube.ide.mcu.externaltools.gnu-tools-for-stm32.10.3-2021.10.win32_1.0.0.202111181127/tools/bin/../lib/gcc/arm-none-eabi/10.3.1/../../../../arm-none-eabi/lib/thumb/v7-m/nofp\libc_nano.a(lib_a-errno.o)
                              ./Core/Src/syscalls.o (__errno)
c:/st/stm32cubeide_1.10.1/stm32cubeide/plugins/com.st.stm32cube.ide.mcu.externaltools.gnu-tools-for-stm32.10.3-2021.10.win32_1.0.0.202111181127/tools/bin/../lib/gcc/arm-none-eabi/10.3.1/../../../../arm-none-eabi/lib/thumb/v7-m/nofp\libc_nano.a(lib_a-exit.o)
                              c:/st/stm32cubeide_1.10.1/stm32cubeide/plugins/com.st.stm32cube.ide.mcu.externaltools.gnu-tools-for-stm32.10.3-2021.10.win32_1.0.0.202111181127/tools/bin/../lib/gcc/arm-none-eabi/10.3.1/../../../../arm-none-eabi/lib/thumb/v7-m/nofp/crt0.o (exit)
c:/st/stm32cubeide_1.10.1/stm32cubeide/plugins/com.st.stm32cube.ide.mcu.externaltools.gnu-tools-for-stm32.10.3-2021.10.win32_1.0.0.202111181127/tools/bin/../lib/gcc/arm-none-eabi/10.3.1/../../../../arm-none-eabi/lib/thumb/v7-m/nofp\libc_nano.a(lib_a-impure.o)
                              c:/st/stm32cubeide_1.10.1/stm32cubeide/plugins/com.st.stm32cube.ide.mcu.externaltools.gnu-tools-for-stm32.10.3-2021.10.win32_1.0.0.202111181127/tools/bin/../lib/gcc/arm-none-eabi/10.3.1/../../../../arm-none-eabi/lib/thumb/v7-m/nofp\libc_nano.a(lib_a-exit.o) (_global_impure_ptr)
c:/st/stm32cubeide_1.10.1/stm32cubeide/plugins/com.st.stm32cube.ide.mcu.externaltools.gnu-tools-for-stm32.10.3-2021.10.win32_1.0.0.202111181127/tools/bin/../lib/gcc/arm-none-eabi/10.3.1/../../../../arm-none-eabi/lib/thumb/v7-m/nofp\libc_nano.a(lib_a-init.o)
                              c:/st/stm32cubeide_1.10.1/stm32cubeide/plugins/com.st.stm32cube.ide.mcu.externaltools.gnu-tools-for-stm32.10.3-2021.10.win32_1.0.0.202111181127/tools/bin/../lib/gcc/arm-none-eabi/10.3.1/../../../../arm-none-eabi/lib/thumb/v7-m/nofp/crt0.o (__libc_init_array)
c:/st/stm32cubeide_1.10.1/stm32cubeide/plugins/com.st.stm32cube.ide.mcu.externaltools.gnu-tools-for-stm32.10.3-2021.10.win32_1.0.0.202111181127/tools/bin/../lib/gcc/arm-none-eabi/10.3.1/../../../../arm-none-eabi/lib/thumb/v7-m/nofp\libc_nano.a(lib_a-memcpy-stub.o)
                              ./USB_DEVICE/App/usbd_cdc_if.o (memcpy)
c:/st/stm32cubeide_1.10.1/stm32cubeide/plugins/com.st.stm32cube.ide.mcu.externaltools.gnu-tools-for-stm32.10.3-2021.10.win32_1.0.0.202111181127/tools/bin/../lib/gcc/arm-none-eabi/10.3.1/../../../../arm-none-eabi/lib/thumb/v7-m/nofp\libc_nano.a(lib_a-memset.o)
                              c:/st/stm32cubeide_1.10.1/stm32cubeide/plugins/com.st.stm32cube.ide.mcu.externaltools.gnu-tools-for-stm32.10.3-2021.10.win32_1.0.0.202111181127/tools/bin/../lib/gcc/arm-none-eabi/10.3.1/../../../../arm-none-eabi/lib/thumb/v7-m/nofp/crt0.o (memset)
c:/st/stm32cubeide_1.10.1/stm32cubeide/plugins/com.st.stm32cube.ide.mcu.externaltools.gnu-tools-for-stm32.10.3-2021.10.win32_1.0.0.202111181127/tools/bin/../lib/gcc/arm-none-eabi/10.3.1/../../../../arm-none-eabi/lib/thumb/v7-m/nofp\libc_nano.a(lib_a-sprintf.o)
                              ./Core/Src/listmenu.o (sprintf)
c:/st/stm32cubeide_1.10.1/stm32cubeide/plugins/com.st.stm32cube.ide.mcu.externaltools.gnu-tools-for-stm32.10.3-2021.10.win32_1.0.0.202111181127/tools/bin/../lib/gcc/arm-none-eabi/10.3.1/../../../../arm-none-eabi/lib/thumb/v7-m/nofp\libc_nano.a(lib_a-nano-svfprintf.o)
                              c:/st/stm32cubeide_1.10.1/stm32cubeide/plugins/com.st.stm32cube.ide.mcu.externaltools.gnu-tools-for-stm32.10.3-2021.10.win32_1.0.0.202111181127/tools/bin/../lib/gcc/arm-none-eabi/10.3.1/../../../../arm-none-eabi/lib/thumb/v7-m/nofp\libc_nano.a(lib_a-sprintf.o) (_svfprintf_r)
c:/st/stm32cubeide_1.10.1/stm32cubeide/plugins/com.st.stm32cube.ide.mcu.externaltools.gnu-tools-for-stm32.10.3-2021.10.win32_1.0.0.202111181127/tools/bin/../lib/gcc/arm-none-eabi/10.3.1/../../../../arm-none-eabi/lib/thumb/v7-m/nofp\libc_nano.a(lib_a-nano-vfprintf_i.o)
                              c:/st/stm32cubeide_1.10.1/stm32cubeide/plugins/com.st.stm32cube.ide.mcu.externaltools.gnu-tools-for-stm32.10.3-2021.10.win32_1.0.0.202111181127/tools/bin/../lib/gcc/arm-none-eabi/10.3.1/../../../../arm-none-eabi/lib/thumb/v7-m/nofp\libc_nano.a(lib_a-nano-svfprintf.o) (_printf_i)
c:/st/stm32cubeide_1.10.1/stm32cubeide/plugins/com.st.stm32cube.ide.mcu.externaltools.gnu-tools-for-stm32.10.3-2021.10.win32_1.0.0.202111181127/tools/bin/../lib/gcc/arm-none-eabi/10.3.1/../../../../arm-none-eabi/lib/thumb/v7-m/nofp\libc_nano.a(lib_a-memchr-stub.o)
                              c:/st/stm32cubeide_1.10.1/stm32cubeide/plugins/com.st.stm32cube.ide.mcu.externaltools.gnu-tools-for-stm32.10.3-2021.10.win32_1.0.0.202111181127/tools/bin/../lib/gcc/arm-none-eabi/10.3.1/../../../../arm-none-eabi/lib/thumb/v7-m/nofp\libc_nano.a(lib_a-nano-svfprintf.o) (memchr)
[...]
Memory Configuration

Name             Origin             Length             Attributes
RAM              0x0000000020000000 0x0000000000005000 xrw
FLASH            0x0000000008000000 0x0000000000010000 xr
*default*        0x0000000000000000 0xffffffffffffffff

Linker script and memory map

LOAD c:/st/stm32cubeide_1.10.1/stm32cubeide/plugins/com.st.stm32cube.ide.mcu.externaltools.gnu-tools-for-stm32.10.3-2021.10.win32_1.0.0.202111181127/tools/bin/../lib/gcc/arm-none-eabi/10.3.1/thumb/v7-m/nofp/crti.o
LOAD c:/st/stm32cubeide_1.10.1/stm32cubeide/plugins/com.st.stm32cube.ide.mcu.externaltools.gnu-tools-for-stm32.10.3-2021.10.win32_1.0.0.202111181127/tools/bin/../lib/gcc/arm-none-eabi/10.3.1/thumb/v7-m/nofp/crtbegin.o
LOAD c:/st/stm32cubeide_1.10.1/stm32cubeide/plugins/com.st.stm32cube.ide.mcu.externaltools.gnu-tools-for-stm32.10.3-2021.10.win32_1.0.0.202111181127/tools/bin/../lib/gcc/arm-none-eabi/10.3.1/../../../../arm-none-eabi/lib/thumb/v7-m/nofp/crt0.o
LOAD ./Core/Src/basicmenu.o
LOAD ./Core/Src/flash.o
LOAD ./Core/Src/lcd.o
LOAD ./Core/Src/listmenu.o
LOAD ./Core/Src/lock.o
LOAD ./Core/Src/main.o
LOAD ./Core/Src/password.o
LOAD ./Core/Src/rc522.o
LOAD ./Core/Src/selectmunu.o
LOAD ./Core/Src/state.o
LOAD ./Core/Src/stateCardID.o
LOAD ./Core/Src/stateFaceID.o
LOAD ./Core/Src/stateMenu.o
LOAD ./Core/Src/stm32f1xx_hal_msp.o
LOAD ./Core/Src/stm32f1xx_it.o
LOAD ./Core/Src/subcardid.o
LOAD ./Core/Src/subgpio.o
LOAD ./Core/Src/syscalls.o
LOAD ./Core/Src/sysmem.o
LOAD ./Core/Src/system_stm32f1xx.o
LOAD ./Core/Startup/startup_stm32f103c8tx.o
LOAD ./Drivers/STM32F1xx_HAL_Driver/Src/stm32f1xx_hal.o
LOAD ./Drivers/STM32F1xx_HAL_Driver/Src/stm32f1xx_hal_cortex.o
LOAD ./Drivers/STM32F1xx_HAL_Driver/Src/stm32f1xx_hal_dma.o
LOAD ./Drivers/STM32F1xx_HAL_Driver/Src/stm32f1xx_hal_exti.o
LOAD ./Drivers/STM32F1xx_HAL_Driver/Src/stm32f1xx_hal_flash.o
LOAD ./Drivers/STM32F1xx_HAL_Driver/Src/stm32f1xx_hal_flash_ex.o
LOAD ./Drivers/STM32F1xx_HAL_Driver/Src/stm32f1xx_hal_gpio.o
LOAD ./Drivers/STM32F1xx_HAL_Driver/Src/stm32f1xx_hal_gpio_ex.o
LOAD ./Drivers/STM32F1xx_HAL_Driver/Src/stm32f1xx_hal_pcd.o
LOAD ./Drivers/STM32F1xx_HAL_Driver/Src/stm32f1xx_hal_pcd_ex.o
LOAD ./Drivers/STM32F1xx_HAL_Driver/Src/stm32f1xx_hal_pwr.o
LOAD ./Drivers/STM32F1xx_HAL_Driver/Src/stm32f1xx_hal_rcc.o
LOAD ./Drivers/STM32F1xx_HAL_Driver/Src/stm32f1xx_hal_rcc_ex.o
LOAD ./Drivers/STM32F1xx_HAL_Driver/Src/stm32f1xx_hal_spi.o
LOAD ./Drivers/STM32F1xx_HAL_Driver/Src/stm32f1xx_hal_tim.o
LOAD ./Drivers/STM32F1xx_HAL_Driver/Src/stm32f1xx_hal_tim_ex.o
LOAD ./Drivers/STM32F1xx_HAL_Driver/Src/stm32f1xx_ll_usb.o
LOAD ./Middlewares/ST/STM32_USB_Device_Library/Class/CDC/Src/usbd_cdc.o
LOAD ./Middlewares/ST/STM32_USB_Device_Library/Core/Src/usbd_core.o
LOAD ./Middlewares/ST/STM32_USB_Device_Library/Core/Src/usbd_ctlreq.o
LOAD ./Middlewares/ST/STM32_USB_Device_Library/Core/Src/usbd_ioreq.o
LOAD ./USB_DEVICE/App/usb_device.o
LOAD ./USB_DEVICE/App/usbd_cdc_if.o
LOAD ./USB_DEVICE/App/usbd_desc.o
LOAD ./USB_DEVICE/Target/usbd_conf.o
START GROUP
LOAD c:/st/stm32cubeide_1.10.1/stm32cubeide/plugins/com.st.stm32cube.ide.mcu.externaltools.gnu-tools-for-stm32.10.3-2021.10.win32_1.0.0.202111181127/tools/bin/../lib/gcc/arm-none-eabi/10.3.1/../../../../arm-none-eabi/lib/thumb/v7-m/nofp\libc_nano.a
LOAD c:/st/stm32cubeide_1.10.1/stm32cubeide/plugins/com.st.stm32cube.ide.mcu.externaltools.gnu-tools-for-stm32.10.3-2021.10.win32_1.0.0.202111181127/tools/bin/../lib/gcc/arm-none-eabi/10.3.1/../../../../arm-none-eabi/lib/thumb/v7-m/nofp\libm.a
END GROUP
START GROUP
LOAD c:/st/stm32cubeide_1.10.1/stm32cubeide/plugins/com.st.stm32cube.ide.mcu.externaltools.gnu-tools-for-stm32.10.3-2021.10.win32_1.0.0.202111181127/tools/bin/../lib/gcc/arm-none-eabi/10.3.1/thumb/v7-m/nofp\libgcc.a
LOAD c:/st/stm32cubeide_1.10.1/stm32cubeide/plugins/com.st.stm32cube.ide.mcu.externaltools.gnu-tools-for-stm32.10.3-2021.10.win32_1.0.0.202111181127/tools/bin/../lib/gcc/arm-none-eabi/10.3.1/../../../../arm-none-eabi/lib/thumb/v7-m/nofp\libc_nano.a
END GROUP
START GROUP
LOAD c:/st/stm32cubeide_1.10.1/stm32cubeide/plugins/com.st.stm32cube.ide.mcu.externaltools.gnu-tools-for-stm32.10.3-2021.10.win32_1.0.0.202111181127/tools/bin/../lib/gcc/arm-none-eabi/10.3.1/thumb/v7-m/nofp\libgcc.a
LOAD c:/st/stm32cubeide_1.10.1/stm32cubeide/plugins/com.st.stm32cube.ide.mcu.externaltools.gnu-tools-for-stm32.10.3-2021.10.win32_1.0.0.202111181127/tools/bin/../lib/gcc/arm-none-eabi/10.3.1/../../../../arm-none-eabi/lib/thumb/v7-m/nofp\libc_nano.a
LOAD c:/st/stm32cubeide_1.10.1/stm32cubeide/plugins/com.st.stm32cube.ide.mcu.externaltools.gnu-tools-for-stm32.10.3-2021.10.win32_1.0.0.202111181127/tools/bin/../lib/gcc/arm-none-eabi/10.3.1/../../../../arm-none-eabi/lib/thumb/v7-m/nofp\libnosys.a
END GROUP
START GROUP
LOAD c:/st/stm32cubeide_1.10.1/stm32cubeide/plugins/com.st.stm32cube.ide.mcu.externaltools.gnu-tools-for-stm32.10.3-2021.10.win32_1.0.0.202111181127/tools/bin/../lib/gcc/arm-none-eabi/10.3.1/thumb/v7-m/nofp\libgcc.a
LOAD c:/st/stm32cubeide_1.10.1/stm32cubeide/plugins/com.st.stm32cube.ide.mcu.externaltools.gnu-tools-for-stm32.10.3-2021.10.win32_1.0.0.202111181127/tools/bin/../lib/gcc/arm-none-eabi/10.3.1/../../../../arm-none-eabi/lib/thumb/v7-m/nofp\libc_nano.a
LOAD c:/st/stm32cubeide_1.10.1/stm32cubeide/plugins/com.st.stm32cube.ide.mcu.externaltools.gnu-tools-for-stm32.10.3-2021.10.win32_1.0.0.202111181127/tools/bin/../lib/gcc/arm-none-eabi/10.3.1/../../../../arm-none-eabi/lib/thumb/v7-m/nofp\libnosys.a
END GROUP
LOAD c:/st/stm32cubeide_1.10.1/stm32cubeide/plugins/com.st.stm32cube.ide.mcu.externaltools.gnu-tools-for-stm32.10.3-2021.10.win32_1.0.0.202111181127/tools/bin/../lib/gcc/arm-none-eabi/10.3.1/thumb/v7-m/nofp/crtend.o
LOAD c:/st/stm32cubeide_1.10.1/stm32cubeide/plugins/com.st.stm32cube.ide.mcu.externaltools.gnu-tools-for-stm32.10.3-2021.10.win32_1.0.0.202111181127/tools/bin/../lib/gcc/arm-none-eabi/10.3.1/thumb/v7-m/nofp/crtn.o
                0x0000000020005000                _estack = (ORIGIN (RAM) + LENGTH (RAM))
                0x0000000000000200                _Min_Heap_Size = 0x200
                0x0000000000000400                _Min_Stack_Size = 0x400

.isr_vector     0x0000000008000000      0x10c
                0x0000000008000000                . = ALIGN (0x4)
 *(.isr_vector)
 .isr_vector    0x0000000008000000      0x10c ./Core/Startup/startup_stm32f103c8tx.o
                0x0000000008000000                g_pfnVectors
                0x000000000800010c                . = ALIGN (0x4)

.text           0x000000000800010c     0xd970
                0x000000000800010c                . = ALIGN (0x4)
 *(.text)
 .text          0x000000000800010c       0x40 c:/st/stm32cubeide_1.10.1/stm32cubeide/plugins/com.st.stm32cube.ide.mcu.externaltools.gnu-tools-for-stm32.10.3-2021.10.win32_1.0.0.202111181127/tools/bin/../lib/gcc/arm-none-eabi/10.3.1/thumb/v7-m/nofp/crtbegin.o
 *(.text*)
 .text.Flash_Erase
                0x000000000800014c       0x38 ./Core/Src/flash.o
                0x000000000800014c                Flash_Erase
 .text.Flash_Write_2Byte
                0x0000000008000184       0x30 ./Core/Src/flash.o
                0x0000000008000184                Flash_Write_2Byte
 .text.Flash_Write_Array
                0x00000000080001b4       0x46 ./Core/Src/flash.o
                0x00000000080001b4                Flash_Write_Array
 .text.Flash_Read_Byte
                0x00000000080001fa       0x18 ./Core/Src/flash.o
                0x00000000080001fa                Flash_Read_Byte
 .text.Flash_Read_2Byte
                0x0000000008000212       0x18 ./Core/Src/flash.o
                0x0000000008000212                Flash_Read_2Byte
 .text.Flash_Read_8Byte
                0x000000000800022a       0x1a ./Core/Src/flash.o
                0x000000000800022a                Flash_Read_8Byte
 .text.Flash_Read_Array
                0x0000000008000244       0x42 ./Core/Src/flash.o
                0x0000000008000244                Flash_Read_Array
 .text.CLCD_Delay
                0x0000000008000286       0x1a ./Core/Src/lcd.o
 .text.CLCD_Write8
                0x00000000080002a0      0x154 ./Core/Src/lcd.o
 .text.CLCD_Write4
                0x00000000080003f4      0x1a8 ./Core/Src/lcd.o
 .text.CLCD_4BIT_Init
                0x000000000800059c      0x126 ./Core/Src/lcd.o
                0x000000000800059c                CLCD_4BIT_Init
 *fill*         0x00000000080006c2        0x2 
 .text.CLCD_SetCursor
                0x00000000080006c4       0x90 ./Core/Src/lcd.o
                0x00000000080006c4                CLCD_SetCursor
 .text.CLCD_WriteChar
                0x0000000008000754       0x3e ./Core/Src/lcd.o
                0x0000000008000754                CLCD_WriteChar
 .text.CLCD_WriteString
                0x0000000008000792       0x2e ./Core/Src/lcd.o
                0x0000000008000792                CLCD_WriteString
 .text.CLCD_Clear
                0x00000000080007c0       0x3c ./Core/Src/lcd.o
                0x00000000080007c0                CLCD_Clear
 .text.CLCD_Display
                0x00000000080007fc       0x3e ./Core/Src/lcd.o
                0x00000000080007fc                CLCD_Display
 *fill*         0x000000000800083a        0x2 
 .text.selectmenu
                0x000000000800083c      0x194 ./Core/Src/listmenu.o
                0x000000000800083c                selectmenu
 .text.menucard
                0x00000000080009d0     0x10b8 ./Core/Src/listmenu.o
                0x00000000080009d0                menucard
 .text.menuface
                0x0000000008001a88     0x10d0 ./Core/Src/listmenu.o
                0x0000000008001a88                menuface
 .text.adduid   0x0000000008002b58       0xe0 ./Core/Src/listmenu.o
                0x0000000008002b58                adduid
 .text.checkthe
                0x0000000008002c38      0x178 ./Core/Src/listmenu.o
                0x0000000008002c38                checkthe
 .text.CheckKey
                0x0000000008002db0       0x5c ./Core/Src/listmenu.o
                0x0000000008002db0                CheckKey
 .text.removeuid
                0x0000000008002e0c       0x1c ./Core/Src/listmenu.o
                0x0000000008002e0c                removeuid
 .text.startadd
                0x0000000008002e28       0xb4 ./Core/Src/listmenu.o
                0x0000000008002e28                startadd
 .text.setaddress
                0x0000000008002edc       0x38 ./Core/Src/listmenu.o
                0x0000000008002edc                setaddress
 .text.remoall  0x0000000008002f14       0x4c ./Core/Src/listmenu.o
                0x0000000008002f14                remoall
 .text.resetflash
                0x0000000008002f60       0xec ./Core/Src/listmenu.o
                0x0000000008002f60                resetflash
 .text.addface  0x000000000800304c       0x9c ./Core/Src/listmenu.o
                0x000000000800304c                addface
 .text.removeface
                0x00000000080030e8       0x9c ./Core/Src/listmenu.o
                0x00000000080030e8                removeface
 .text.checkfaceid
                0x0000000008003184       0x6c ./Core/Src/listmenu.o
                0x0000000008003184                checkfaceid
 .text.checkface
                0x00000000080031f0      0x1b0 ./Core/Src/listmenu.o
                0x00000000080031f0                checkface
 .text.opendoor
                0x00000000080033a0       0x44 ./Core/Src/lock.o
                0x00000000080033a0                opendoor
 .text.noopendoor
                0x00000000080033e4       0x4c ./Core/Src/lock.o
                0x00000000080033e4                noopendoor
 .text.HAL_GPIO_EXTI_Callback
                0x0000000008003430       0x2c ./Core/Src/main.o
                0x0000000008003430                HAL_GPIO_EXTI_Callback
 .text.HAL_TIM_PeriodElapsedCallback
                0x000000000800345c       0x40 ./Core/Src/main.o
                0x000000000800345c                HAL_TIM_PeriodElapsedCallback
 .text.main     0x000000000800349c       0xec ./Core/Src/main.o
                0x000000000800349c                main
 .text.SystemClock_Config
                0x0000000008003588       0xb4 ./Core/Src/main.o
                0x0000000008003588                SystemClock_Config
 .text.MX_SPI1_Init
                0x000000000800363c       0x6c ./Core/Src/main.o
 .text.MX_TIM2_Init
                0x00000000080036a8       0x9c ./Core/Src/main.o
 .text.MX_GPIO_Init
                0x0000000008003744      0x154 ./Core/Src/main.o
 .text.Error_Handler
                0x0000000008003898        0xa ./Core/Src/main.o
                0x0000000008003898                Error_Handler
 *fill*         0x00000000080038a2        0x2 
 .text.password
                0x00000000080038a4      0x12c ./Core/Src/password.o
                0x00000000080038a4                password
 .text.menupass
                0x00000000080039d0      0x164 ./Core/Src/password.o
                0x00000000080039d0                menupass
 .text.writepassword
                0x0000000008003b34       0x2c ./Core/Src/password.o
                0x0000000008003b34                writepassword
 .text.readpassword
                0x0000000008003b60       0x44 ./Core/Src/password.o
                0x0000000008003b60                readpassword
 .text.changepass
                0x0000000008003ba4      0x13c ./Core/Src/password.o
                0x0000000008003ba4                changepass
 .text.TM_SPI_Send
                0x0000000008003ce0       0x50 ./Core/Src/rc522.o
                0x0000000008003ce0                TM_SPI_Send
 .text.TM_MFRC522_Init
                0x0000000008003d30       0x48 ./Core/Src/rc522.o
                0x0000000008003d30                TM_MFRC522_Init
 .text.TM_MFRC522_Check
                0x0000000008003d78       0x32 ./Core/Src/rc522.o
                0x0000000008003d78                TM_MFRC522_Check
 *fill*         0x0000000008003daa        0x2 
 .text.TM_MFRC522_WriteRegister
                0x0000000008003dac       0x4c ./Core/Src/rc522.o
                0x0000000008003dac                TM_MFRC522_WriteRegister
 .text.TM_MFRC522_ReadRegister
                0x0000000008003df8       0x50 ./Core/Src/rc522.o
                0x0000000008003df8                TM_MFRC522_ReadRegister
 .text.TM_MFRC522_SetBitMask
                0x0000000008003e48       0x34 ./Core/Src/rc522.o
                0x0000000008003e48                TM_MFRC522_SetBitMask
 .text.TM_MFRC522_ClearBitMask
                0x0000000008003e7c       0x3c ./Core/Src/rc522.o
                0x0000000008003e7c                TM_MFRC522_ClearBitMask
 .text.TM_MFRC522_AntennaOn
                0x0000000008003eb8       0x2a ./Core/Src/rc522.o
                0x0000000008003eb8                TM_MFRC522_AntennaOn
 .text.TM_MFRC522_Reset
                0x0000000008003ee2       0x10 ./Core/Src/rc522.o
                0x0000000008003ee2                TM_MFRC522_Reset
 .text.TM_MFRC522_Request
                0x0000000008003ef2       0x4a ./Core/Src/rc522.o
                0x0000000008003ef2                TM_MFRC522_Request
 .text.TM_MFRC522_ToCard
                0x0000000008003f3c      0x19e ./Core/Src/rc522.o
                0x0000000008003f3c                TM_MFRC522_ToCard
 .text.TM_MFRC522_Anticoll
                0x00000000080040da       0x7a ./Core/Src/rc522.o
                0x00000000080040da                TM_MFRC522_Anticoll
 .text.TM_MFRC522_CalculateCRC
                0x0000000008004154       0x92 ./Core/Src/rc522.o
                0x0000000008004154                TM_MFRC522_CalculateCRC
 .text.TM_MFRC522_Halt
                0x00000000080041e6       0x36 ./Core/Src/rc522.o
                0x00000000080041e6                TM_MFRC522_Halt
 .text.statemachineupdate
                0x000000000800421c       0x58 ./Core/Src/state.o
                0x000000000800421c                statemachineupdate
 .text.startcard
                0x0000000008004274       0x78 ./Core/Src/stateCardID.o
                0x0000000008004274                startcard
 .text.startface
                0x00000000080042ec       0x34 ./Core/Src/stateFaceID.o
                0x00000000080042ec                startface
 .text.startmenu
                0x0000000008004320      0x16c ./Core/Src/stateMenu.o
                0x0000000008004320                startmenu
 .text.HAL_MspInit
                0x000000000800448c       0x64 ./Core/Src/stm32f1xx_hal_msp.o
                0x000000000800448c                HAL_MspInit
 .text.HAL_SPI_MspInit
                0x00000000080044f0       0x94 ./Core/Src/stm32f1xx_hal_msp.o
                0x00000000080044f0                HAL_SPI_MspInit
 .text.HAL_TIM_Base_MspInit
                0x0000000008004584       0x48 ./Core/Src/stm32f1xx_hal_msp.o
                0x0000000008004584                HAL_TIM_Base_MspInit
 .text.NMI_Handler
                0x00000000080045cc        0x6 ./Core/Src/stm32f1xx_it.o
                0x00000000080045cc                NMI_Handler
 .text.HardFault_Handler
                0x00000000080045d2        0x6 ./Core/Src/stm32f1xx_it.o
                0x00000000080045d2                HardFault_Handler
 .text.MemManage_Handler
                0x00000000080045d8        0x6 ./Core/Src/stm32f1xx_it.o
                0x00000000080045d8                MemManage_Handler
 .text.BusFault_Handler
                0x00000000080045de        0x6 ./Core/Src/stm32f1xx_it.o
                0x00000000080045de                BusFault_Handler
 .text.UsageFault_Handler
                0x00000000080045e4        0x6 ./Core/Src/stm32f1xx_it.o
                0x00000000080045e4                UsageFault_Handler
 .text.SVC_Handler
                0x00000000080045ea        0xc ./Core/Src/stm32f1xx_it.o
                0x00000000080045ea                SVC_Handler
 .text.DebugMon_Handler
                0x00000000080045f6        0xc ./Core/Src/stm32f1xx_it.o
                0x00000000080045f6                DebugMon_Handler
 .text.PendSV_Handler
                0x0000000008004602        0xc ./Core/Src/stm32f1xx_it.o
                0x0000000008004602                PendSV_Handler
 .text.SysTick_Handler
                0x000000000800460e        0xc ./Core/Src/stm32f1xx_it.o
                0x000000000800460e                SysTick_Handler
 *fill*         0x000000000800461a        0x2 
 .text.USB_LP_CAN1_RX0_IRQHandler
                0x000000000800461c       0x14 ./Core/Src/stm32f1xx_it.o
                0x000000000800461c                USB_LP_CAN1_RX0_IRQHandler
 .text.EXTI9_5_IRQHandler
                0x0000000008004630       0x10 ./Core/Src/stm32f1xx_it.o
                0x0000000008004630                EXTI9_5_IRQHandler
 .text.TIM2_IRQHandler
                0x0000000008004640       0x14 ./Core/Src/stm32f1xx_it.o
                0x0000000008004640                TIM2_IRQHandler
 .text.checkcountUID
                0x0000000008004654       0x64 ./Core/Src/subcardid.o
                0x0000000008004654                checkcountUID
 .text.CheckUID
                0x00000000080046b8       0x58 ./Core/Src/subcardid.o
                0x00000000080046b8                CheckUID
 .text.CheckListUID
                0x0000000008004710       0x60 ./Core/Src/subcardid.o
                0x0000000008004710                CheckListUID
 .text.swipesuccess
                0x0000000008004770       0x4c ./Core/Src/subcardid.o
                0x0000000008004770                swipesuccess
 .text.Set_Pin_Input
                0x00000000080047bc       0x3a ./Core/Src/subgpio.o
                0x00000000080047bc                Set_Pin_Input
 *fill*         0x00000000080047f6        0x2 
 .text.Set_Pin_IT
                0x00000000080047f8       0x44 ./Core/Src/subgpio.o
                0x00000000080047f8                Set_Pin_IT
 .text.checkbuton
                0x000000000800483c       0x9c ./Core/Src/subgpio.o
                0x000000000800483c                checkbuton
 .text._sbrk    0x00000000080048d8       0x6c ./Core/Src/sysmem.o
                0x00000000080048d8                _sbrk
 .text.SystemInit
                0x0000000008004944        0xc ./Core/Src/system_stm32f1xx.o
                0x0000000008004944                SystemInit
 .text.Reset_Handler
                0x0000000008004950       0x48 ./Core/Startup/startup_stm32f103c8tx.o
                0x0000000008004950                Reset_Handler
 .text.Default_Handler
                0x0000000008004998        0x2 ./Core/Startup/startup_stm32f103c8tx.o
                0x0000000008004998                RTC_Alarm_IRQHandler
                0x0000000008004998                EXTI2_IRQHandler
                0x0000000008004998                TIM1_CC_IRQHandler
                0x0000000008004998                PVD_IRQHandler
                0x0000000008004998                EXTI3_IRQHandler
                0x0000000008004998                EXTI0_IRQHandler
                0x0000000008004998                I2C2_EV_IRQHandler
                0x0000000008004998                ADC1_2_IRQHandler
                0x0000000008004998                SPI1_IRQHandler
                0x0000000008004998                TAMPER_IRQHandler
                0x0000000008004998                DMA1_Channel4_IRQHandler
                0x0000000008004998                USART3_IRQHandler
                0x0000000008004998                RTC_IRQHandler
                0x0000000008004998                DMA1_Channel7_IRQHandler
                0x0000000008004998                CAN1_RX1_IRQHandler
                0x0000000008004998                TIM4_IRQHandler
                0x0000000008004998                I2C1_EV_IRQHandler
                0x0000000008004998                DMA1_Channel6_IRQHandler
                0x0000000008004998                TIM3_IRQHandler
                0x0000000008004998                RCC_IRQHandler
                0x0000000008004998                TIM1_TRG_COM_IRQHandler
                0x0000000008004998                DMA1_Channel1_IRQHandler
                0x0000000008004998                Default_Handler
                0x0000000008004998                EXTI15_10_IRQHandler
                0x0000000008004998                SPI2_IRQHandler
                0x0000000008004998                DMA1_Channel5_IRQHandler
                0x0000000008004998                EXTI4_IRQHandler
                0x0000000008004998                USB_HP_CAN1_TX_IRQHandler
                0x0000000008004998                DMA1_Channel3_IRQHandler
                0x0000000008004998                TIM1_UP_IRQHandler
                0x0000000008004998                WWDG_IRQHandler
                0x0000000008004998                TIM1_BRK_IRQHandler
                0x0000000008004998                EXTI1_IRQHandler
                0x0000000008004998                USART2_IRQHandler
                0x0000000008004998                I2C2_ER_IRQHandler
                0x0000000008004998                DMA1_Channel2_IRQHandler
                0x0000000008004998                CAN1_SCE_IRQHandler
                0x0000000008004998                FLASH_IRQHandler
                0x0000000008004998                USART1_IRQHandler
                0x0000000008004998                I2C1_ER_IRQHandler
                0x0000000008004998                USBWakeUp_IRQHandler
 *fill*         0x000000000800499a        0x2 
 .text.HAL_Init
                0x000000000800499c       0x2c ./Drivers/STM32F1xx_HAL_Driver/Src/stm32f1xx_hal.o
                0x000000000800499c                HAL_Init
 .text.HAL_InitTick
                0x00000000080049c8       0x60 ./Drivers/STM32F1xx_HAL_Driver/Src/stm32f1xx_hal.o
                0x00000000080049c8                HAL_InitTick
 .text.HAL_IncTick
                0x0000000008004a28       0x24 ./Drivers/STM32F1xx_HAL_Driver/Src/stm32f1xx_hal.o
                0x0000000008004a28                HAL_IncTick
 .text.HAL_GetTick
                0x0000000008004a4c       0x14 ./Drivers/STM32F1xx_HAL_Driver/Src/stm32f1xx_hal.o
                0x0000000008004a4c                HAL_GetTick
 .text.HAL_Delay
                0x0000000008004a60       0x48 ./Drivers/STM32F1xx_HAL_Driver/Src/stm32f1xx_hal.o
                0x0000000008004a60                HAL_Delay
 .text.__NVIC_SetPriorityGrouping
                0x0000000008004aa8       0x48 ./Drivers/STM32F1xx_HAL_Driver/Src/stm32f1xx_hal_cortex.o
 .text.__NVIC_GetPriorityGrouping
                0x0000000008004af0       0x1c ./Drivers/STM32F1xx_HAL_Driver/Src/stm32f1xx_hal_cortex.o
 .text.__NVIC_EnableIRQ
                0x0000000008004b0c       0x38 ./Drivers/STM32F1xx_HAL_Driver/Src/stm32f1xx_hal_cortex.o
 .text.__NVIC_DisableIRQ
                0x0000000008004b44       0x48 ./Drivers/STM32F1xx_HAL_Driver/Src/stm32f1xx_hal_cortex.o
 .text.__NVIC_SetPriority
                0x0000000008004b8c       0x54 ./Drivers/STM32F1xx_HAL_Driver/Src/stm32f1xx_hal_cortex.o
 .text.NVIC_EncodePriority
                0x0000000008004be0       0x64 ./Drivers/STM32F1xx_HAL_Driver/Src/stm32f1xx_hal_cortex.o
 .text.SysTick_Config
                0x0000000008004c44       0x44 ./Drivers/STM32F1xx_HAL_Driver/Src/stm32f1xx_hal_cortex.o
 .text.HAL_NVIC_SetPriorityGrouping
                0x0000000008004c88       0x16 ./Drivers/STM32F1xx_HAL_Driver/Src/stm32f1xx_hal_cortex.o
                0x0000000008004c88                HAL_NVIC_SetPriorityGrouping
 .text.HAL_NVIC_SetPriority
                0x0000000008004c9e       0x38 ./Drivers/STM32F1xx_HAL_Driver/Src/stm32f1xx_hal_cortex.o
                0x0000000008004c9e                HAL_NVIC_SetPriority
 .text.HAL_NVIC_EnableIRQ
                0x0000000008004cd6       0x1c ./Drivers/STM32F1xx_HAL_Driver/Src/stm32f1xx_hal_cortex.o
                0x0000000008004cd6                HAL_NVIC_EnableIRQ
 .text.HAL_NVIC_DisableIRQ
                0x0000000008004cf2       0x1c ./Drivers/STM32F1xx_HAL_Driver/Src/stm32f1xx_hal_cortex.o
                0x0000000008004cf2                HAL_NVIC_DisableIRQ
 .text.HAL_SYSTICK_Config
                0x0000000008004d0e       0x18 ./Drivers/STM32F1xx_HAL_Driver/Src/stm32f1xx_hal_cortex.o
                0x0000000008004d0e                HAL_SYSTICK_Config
 *fill*         0x0000000008004d26        0x2 
 .text.HAL_FLASH_Program
                0x0000000008004d28       0xe0 ./Drivers/STM32F1xx_HAL_Driver/Src/stm32f1xx_hal_flash.o
                0x0000000008004d28                HAL_FLASH_Program
 .text.HAL_FLASH_Unlock
                0x0000000008004e08       0x4c ./Drivers/STM32F1xx_HAL_Driver/Src/stm32f1xx_hal_flash.o
                0x0000000008004e08                HAL_FLASH_Unlock
 .text.HAL_FLASH_Lock
                0x0000000008004e54       0x20 ./Drivers/STM32F1xx_HAL_Driver/Src/stm32f1xx_hal_flash.o
                0x0000000008004e54                HAL_FLASH_Lock
 .text.FLASH_Program_HalfWord
                0x0000000008004e74       0x38 ./Drivers/STM32F1xx_HAL_Driver/Src/stm32f1xx_hal_flash.o
 .text.FLASH_WaitForLastOperation
                0x0000000008004eac       0x8c ./Drivers/STM32F1xx_HAL_Driver/Src/stm32f1xx_hal_flash.o
                0x0000000008004eac                FLASH_WaitForLastOperation
 .text.FLASH_SetErrorCode
                0x0000000008004f38       0xa0 ./Drivers/STM32F1xx_HAL_Driver/Src/stm32f1xx_hal_flash.o
 .text.HAL_FLASHEx_Erase
                0x0000000008004fd8       0xd8 ./Drivers/STM32F1xx_HAL_Driver/Src/stm32f1xx_hal_flash_ex.o
                0x0000000008004fd8                HAL_FLASHEx_Erase
 .text.FLASH_MassErase
                0x00000000080050b0       0x38 ./Drivers/STM32F1xx_HAL_Driver/Src/stm32f1xx_hal_flash_ex.o
 .text.FLASH_PageErase
                0x00000000080050e8       0x40 ./Drivers/STM32F1xx_HAL_Driver/Src/stm32f1xx_hal_flash_ex.o
                0x00000000080050e8                FLASH_PageErase
 .text.HAL_GPIO_Init
                0x0000000008005128      0x308 ./Drivers/STM32F1xx_HAL_Driver/Src/stm32f1xx_hal_gpio.o
                0x0000000008005128                HAL_GPIO_Init
 .text.HAL_GPIO_ReadPin
                0x0000000008005430       0x2e ./Drivers/STM32F1xx_HAL_Driver/Src/stm32f1xx_hal_gpio.o
                0x0000000008005430                HAL_GPIO_ReadPin
 .text.HAL_GPIO_WritePin
                0x000000000800545e       0x30 ./Drivers/STM32F1xx_HAL_Driver/Src/stm32f1xx_hal_gpio.o
                0x000000000800545e                HAL_GPIO_WritePin
 .text.HAL_GPIO_TogglePin
                0x000000000800548e       0x32 ./Drivers/STM32F1xx_HAL_Driver/Src/stm32f1xx_hal_gpio.o
                0x000000000800548e                HAL_GPIO_TogglePin
 .text.HAL_GPIO_EXTI_IRQHandler
                0x00000000080054c0       0x30 ./Drivers/STM32F1xx_HAL_Driver/Src/stm32f1xx_hal_gpio.o
                0x00000000080054c0                HAL_GPIO_EXTI_IRQHandler
 .text.HAL_PCD_Init
                0x00000000080054f0      0x216 ./Drivers/STM32F1xx_HAL_Driver/Src/stm32f1xx_hal_pcd.o
                0x00000000080054f0                HAL_PCD_Init
 .text.HAL_PCD_Start
                0x0000000008005706       0x4c ./Drivers/STM32F1xx_HAL_Driver/Src/stm32f1xx_hal_pcd.o
                0x0000000008005706                HAL_PCD_Start
 .text.HAL_PCD_IRQHandler
                0x0000000008005752      0x2a6 ./Drivers/STM32F1xx_HAL_Driver/Src/stm32f1xx_hal_pcd.o
                0x0000000008005752                HAL_PCD_IRQHandler
 .text.HAL_PCD_SetAddress
                0x00000000080059f8       0x4a ./Drivers/STM32F1xx_HAL_Driver/Src/stm32f1xx_hal_pcd.o
                0x00000000080059f8                HAL_PCD_SetAddress
 .text.HAL_PCD_EP_Open
                0x0000000008005a42       0xcc ./Drivers/STM32F1xx_HAL_Driver/Src/stm32f1xx_hal_pcd.o
                0x0000000008005a42                HAL_PCD_EP_Open
 .text.HAL_PCD_EP_Close
                0x0000000008005b0e       0x90 ./Drivers/STM32F1xx_HAL_Driver/Src/stm32f1xx_hal_pcd.o
                0x0000000008005b0e                HAL_PCD_EP_Close
 .text.HAL_PCD_EP_Receive
                0x0000000008005b9e       0x7a ./Drivers/STM32F1xx_HAL_Driver/Src/stm32f1xx_hal_pcd.o
                0x0000000008005b9e                HAL_PCD_EP_Receive
 .text.HAL_PCD_EP_GetRxCount
                0x0000000008005c18       0x2e ./Drivers/STM32F1xx_HAL_Driver/Src/stm32f1xx_hal_pcd.o
                0x0000000008005c18                HAL_PCD_EP_GetRxCount
 .text.HAL_PCD_EP_Transmit
                0x0000000008005c46       0x86 ./Drivers/STM32F1xx_HAL_Driver/Src/stm32f1xx_hal_pcd.o
                0x0000000008005c46                HAL_PCD_EP_Transmit
 .text.HAL_PCD_EP_SetStall
                0x0000000008005ccc       0xc0 ./Drivers/STM32F1xx_HAL_Driver/Src/stm32f1xx_hal_pcd.o
                0x0000000008005ccc                HAL_PCD_EP_SetStall
 .text.HAL_PCD_EP_ClrStall
                0x0000000008005d8c       0xa8 ./Drivers/STM32F1xx_HAL_Driver/Src/stm32f1xx_hal_pcd.o
                0x0000000008005d8c                HAL_PCD_EP_ClrStall
 .text.PCD_EP_ISR_Handler
                0x0000000008005e34      0x600 ./Drivers/STM32F1xx_HAL_Driver/Src/stm32f1xx_hal_pcd.o
 .text.HAL_PCD_EP_DB_Receive
                0x0000000008006434      0x21a ./Drivers/STM32F1xx_HAL_Driver/Src/stm32f1xx_hal_pcd.o
 .text.HAL_PCD_EP_DB_Transmit
                0x000000000800664e      0x7a4 ./Drivers/STM32F1xx_HAL_Driver/Src/stm32f1xx_hal_pcd.o
 .text.HAL_PCDEx_PMAConfig
                0x0000000008006df2       0x84 ./Drivers/STM32F1xx_HAL_Driver/Src/stm32f1xx_hal_pcd_ex.o
                0x0000000008006df2                HAL_PCDEx_PMAConfig
 *fill*         0x0000000008006e76        0x2 
 .text.HAL_RCC_OscConfig
                0x0000000008006e78      0x504 ./Drivers/STM32F1xx_HAL_Driver/Src/stm32f1xx_hal_rcc.o
                0x0000000008006e78                HAL_RCC_OscConfig
 .text.HAL_RCC_ClockConfig
                0x000000000800737c      0x1d4 ./Drivers/STM32F1xx_HAL_Driver/Src/stm32f1xx_hal_rcc.o
                0x000000000800737c                HAL_RCC_ClockConfig
 .text.HAL_RCC_GetSysClockFreq
                0x0000000008007550       0xbc ./Drivers/STM32F1xx_HAL_Driver/Src/stm32f1xx_hal_rcc.o
                0x0000000008007550                HAL_RCC_GetSysClockFreq
 .text.RCC_Delay
                0x000000000800760c       0x3c ./Drivers/STM32F1xx_HAL_Driver/Src/stm32f1xx_hal_rcc.o
 .text.HAL_RCCEx_PeriphCLKConfig
                0x0000000008007648      0x16c ./Drivers/STM32F1xx_HAL_Driver/Src/stm32f1xx_hal_rcc_ex.o
                0x0000000008007648                HAL_RCCEx_PeriphCLKConfig
 .text.HAL_SPI_Init
                0x00000000080077b4      0x108 ./Drivers/STM32F1xx_HAL_Driver/Src/stm32f1xx_hal_spi.o
                0x00000000080077b4                HAL_SPI_Init
 .text.HAL_SPI_TransmitReceive
                0x00000000080078bc      0x344 ./Drivers/STM32F1xx_HAL_Driver/Src/stm32f1xx_hal_spi.o
                0x00000000080078bc                HAL_SPI_TransmitReceive
 .text.SPI_WaitFlagStateUntilTimeout
                0x0000000008007c00      0x110 ./Drivers/STM32F1xx_HAL_Driver/Src/stm32f1xx_hal_spi.o
 .text.SPI_EndRxTxTransaction
                0x0000000008007d10       0x3c ./Drivers/STM32F1xx_HAL_Driver/Src/stm32f1xx_hal_spi.o
 .text.HAL_TIM_Base_Init
                0x0000000008007d4c       0x9e ./Drivers/STM32F1xx_HAL_Driver/Src/stm32f1xx_hal_tim.o
                0x0000000008007d4c                HAL_TIM_Base_Init
 *fill*         0x0000000008007dea        0x2 
 .text.HAL_TIM_Base_Start_IT
                0x0000000008007dec       0xa4 ./Drivers/STM32F1xx_HAL_Driver/Src/stm32f1xx_hal_tim.o
                0x0000000008007dec                HAL_TIM_Base_Start_IT
 .text.HAL_TIM_IRQHandler
                0x0000000008007e90      0x210 ./Drivers/STM32F1xx_HAL_Driver/Src/stm32f1xx_hal_tim.o
                0x0000000008007e90                HAL_TIM_IRQHandler
 .text.HAL_TIM_ConfigClockSource
                0x00000000080080a0      0x188 ./Drivers/STM32F1xx_HAL_Driver/Src/stm32f1xx_hal_tim.o
                0x00000000080080a0                HAL_TIM_ConfigClockSource
 .text.HAL_TIM_OC_DelayElapsedCallback
                0x0000000008008228       0x12 ./Drivers/STM32F1xx_HAL_Driver/Src/stm32f1xx_hal_tim.o
                0x0000000008008228                HAL_TIM_OC_DelayElapsedCallback
 .text.HAL_TIM_IC_CaptureCallback
                0x000000000800823a       0x12 ./Drivers/STM32F1xx_HAL_Driver/Src/stm32f1xx_hal_tim.o
                0x000000000800823a                HAL_TIM_IC_CaptureCallback
 .text.HAL_TIM_PWM_PulseFinishedCallback
                0x000000000800824c       0x12 ./Drivers/STM32F1xx_HAL_Driver/Src/stm32f1xx_hal_tim.o
                0x000000000800824c                HAL_TIM_PWM_PulseFinishedCallback
 .text.HAL_TIM_TriggerCallback
                0x000000000800825e       0x12 ./Drivers/STM32F1xx_HAL_Driver/Src/stm32f1xx_hal_tim.o
                0x000000000800825e                HAL_TIM_TriggerCallback
 .text.TIM_Base_SetConfig
                0x0000000008008270       0xc4 ./Drivers/STM32F1xx_HAL_Driver/Src/stm32f1xx_hal_tim.o
                0x0000000008008270                TIM_Base_SetConfig
 .text.TIM_TI1_ConfigInputStage
                0x0000000008008334       0x5c ./Drivers/STM32F1xx_HAL_Driver/Src/stm32f1xx_hal_tim.o
 .text.TIM_TI2_ConfigInputStage
                0x0000000008008390       0x5e ./Drivers/STM32F1xx_HAL_Driver/Src/stm32f1xx_hal_tim.o
 .text.TIM_ITRx_SetConfig
                0x00000000080083ee       0x34 ./Drivers/STM32F1xx_HAL_Driver/Src/stm32f1xx_hal_tim.o
 .text.TIM_ETR_SetConfig
                0x0000000008008422       0x3e ./Drivers/STM32F1xx_HAL_Driver/Src/stm32f1xx_hal_tim.o
                0x0000000008008422                TIM_ETR_SetConfig
 .text.HAL_TIMEx_MasterConfigSynchronization
                0x0000000008008460       0xbc ./Drivers/STM32F1xx_HAL_Driver/Src/stm32f1xx_hal_tim_ex.o
                0x0000000008008460                HAL_TIMEx_MasterConfigSynchronization
 .text.HAL_TIMEx_CommutCallback
                0x000000000800851c       0x12 ./Drivers/STM32F1xx_HAL_Driver/Src/stm32f1xx_hal_tim_ex.o
                0x000000000800851c                HAL_TIMEx_CommutCallback
 .text.HAL_TIMEx_BreakCallback
                0x000000000800852e       0x12 ./Drivers/STM32F1xx_HAL_Driver/Src/stm32f1xx_hal_tim_ex.o
                0x000000000800852e                HAL_TIMEx_BreakCallback
 .text.USB_CoreInit
                0x0000000008008540       0x20 ./Drivers/STM32F1xx_HAL_Driver/Src/stm32f1xx_ll_usb.o
                0x0000000008008540                USB_CoreInit
 .text.USB_EnableGlobalInt
                0x0000000008008560       0x2c ./Drivers/STM32F1xx_HAL_Driver/Src/stm32f1xx_ll_usb.o
                0x0000000008008560                USB_EnableGlobalInt
 .text.USB_DisableGlobalInt
                0x000000000800858c       0x34 ./Drivers/STM32F1xx_HAL_Driver/Src/stm32f1xx_ll_usb.o
                0x000000000800858c                USB_DisableGlobalInt
 .text.USB_SetCurrentMode
                0x00000000080085c0       0x18 ./Drivers/STM32F1xx_HAL_Driver/Src/stm32f1xx_ll_usb.o
                0x00000000080085c0                USB_SetCurrentMode
 .text.USB_DevInit
                0x00000000080085d8       0x40 ./Drivers/STM32F1xx_HAL_Driver/Src/stm32f1xx_ll_usb.o
                0x00000000080085d8                USB_DevInit
 .text.USB_ActivateEndpoint
                0x0000000008008618      0x6d4 ./Drivers/STM32F1xx_HAL_Driver/Src/stm32f1xx_ll_usb.o
                0x0000000008008618                USB_ActivateEndpoint
 .text.USB_DeactivateEndpoint
                0x0000000008008cec      0x3d8 ./Drivers/STM32F1xx_HAL_Driver/Src/stm32f1xx_ll_usb.o
                0x0000000008008cec                USB_DeactivateEndpoint
 .text.USB_EPStartXfer
                0x00000000080090c4     0x1c70 ./Drivers/STM32F1xx_HAL_Driver/Src/stm32f1xx_ll_usb.o
                0x00000000080090c4                USB_EPStartXfer
 .text.USB_EPSetStall
                0x000000000800ad34       0xa0 ./Drivers/STM32F1xx_HAL_Driver/Src/stm32f1xx_ll_usb.o
                0x000000000800ad34                USB_EPSetStall
 .text.USB_EPClearStall
                0x000000000800add4      0x15a ./Drivers/STM32F1xx_HAL_Driver/Src/stm32f1xx_ll_usb.o
                0x000000000800add4                USB_EPClearStall
 .text.USB_SetDevAddress
                0x000000000800af2e       0x26 ./Drivers/STM32F1xx_HAL_Driver/Src/stm32f1xx_ll_usb.o
                0x000000000800af2e                USB_SetDevAddress
 .text.USB_DevConnect
                0x000000000800af54       0x14 ./Drivers/STM32F1xx_HAL_Driver/Src/stm32f1xx_ll_usb.o
                0x000000000800af54                USB_DevConnect
 .text.USB_DevDisconnect
                0x000000000800af68       0x14 ./Drivers/STM32F1xx_HAL_Driver/Src/stm32f1xx_ll_usb.o
                0x000000000800af68                USB_DevDisconnect
 .text.USB_ReadInterrupts
                0x000000000800af7c       0x1e ./Drivers/STM32F1xx_HAL_Driver/Src/stm32f1xx_ll_usb.o
                0x000000000800af7c                USB_ReadInterrupts
 .text.USB_EP0_OutStart
                0x000000000800af9a       0x16 ./Drivers/STM32F1xx_HAL_Driver/Src/stm32f1xx_ll_usb.o
                0x000000000800af9a                USB_EP0_OutStart
 .text.USB_WritePMA
                0x000000000800afb0       0x8a ./Drivers/STM32F1xx_HAL_Driver/Src/stm32f1xx_ll_usb.o
                0x000000000800afb0                USB_WritePMA
 .text.USB_ReadPMA
                0x000000000800b03a       0x9e ./Drivers/STM32F1xx_HAL_Driver/Src/stm32f1xx_ll_usb.o
                0x000000000800b03a                USB_ReadPMA
 .text.USBD_CDC_Init
                0x000000000800b0d8       0xf4 ./Middlewares/ST/STM32_USB_Device_Library/Class/CDC/Src/usbd_cdc.o
 .text.USBD_CDC_DeInit
                0x000000000800b1cc       0x6e ./Middlewares/ST/STM32_USB_Device_Library/Class/CDC/Src/usbd_cdc.o
 .text.USBD_CDC_Setup
                0x000000000800b23a      0x146 ./Middlewares/ST/STM32_USB_Device_Library/Class/CDC/Src/usbd_cdc.o
 .text.USBD_CDC_DataIn
                0x000000000800b380       0xa6 ./Middlewares/ST/STM32_USB_Device_Library/Class/CDC/Src/usbd_cdc.o
 .text.USBD_CDC_DataOut
                0x000000000800b426       0x56 ./Middlewares/ST/STM32_USB_Device_Library/Class/CDC/Src/usbd_cdc.o
 .text.USBD_CDC_EP0_RxReady
                0x000000000800b47c       0x50 ./Middlewares/ST/STM32_USB_Device_Library/Class/CDC/Src/usbd_cdc.o
 .text.USBD_CDC_GetFSCfgDesc
                0x000000000800b4cc       0x20 ./Middlewares/ST/STM32_USB_Device_Library/Class/CDC/Src/usbd_cdc.o
 .text.USBD_CDC_GetHSCfgDesc
                0x000000000800b4ec       0x20 ./Middlewares/ST/STM32_USB_Device_Library/Class/CDC/Src/usbd_cdc.o
 .text.USBD_CDC_GetOtherSpeedCfgDesc
                0x000000000800b50c       0x20 ./Middlewares/ST/STM32_USB_Device_Library/Class/CDC/Src/usbd_cdc.o
 .text.USBD_CDC_GetDeviceQualifierDescriptor
                0x000000000800b52c       0x20 ./Middlewares/ST/STM32_USB_Device_Library/Class/CDC/Src/usbd_cdc.o
                0x000000000800b52c                USBD_CDC_GetDeviceQualifierDescriptor
 .text.USBD_CDC_RegisterInterface
                0x000000000800b54c       0x2c ./Middlewares/ST/STM32_USB_Device_Library/Class/CDC/Src/usbd_cdc.o
                0x000000000800b54c                USBD_CDC_RegisterInterface
 .text.USBD_CDC_SetTxBuffer
                0x000000000800b578       0x32 ./Middlewares/ST/STM32_USB_Device_Library/Class/CDC/Src/usbd_cdc.o
                0x000000000800b578                USBD_CDC_SetTxBuffer
 .text.USBD_CDC_SetRxBuffer
                0x000000000800b5aa       0x26 ./Middlewares/ST/STM32_USB_Device_Library/Class/CDC/Src/usbd_cdc.o
                0x000000000800b5aa                USBD_CDC_SetRxBuffer
 .text.USBD_CDC_TransmitPacket
                0x000000000800b5d0       0x5e ./Middlewares/ST/STM32_USB_Device_Library/Class/CDC/Src/usbd_cdc.o
                0x000000000800b5d0                USBD_CDC_TransmitPacket
 .text.USBD_CDC_ReceivePacket
                0x000000000800b62e       0x54 ./Middlewares/ST/STM32_USB_Device_Library/Class/CDC/Src/usbd_cdc.o
                0x000000000800b62e                USBD_CDC_ReceivePacket
 .text.USBD_Init
                0x000000000800b682       0x56 ./Middlewares/ST/STM32_USB_Device_Library/Core/Src/usbd_core.o
                0x000000000800b682                USBD_Init
 .text.USBD_RegisterClass
                0x000000000800b6d8       0x32 ./Middlewares/ST/STM32_USB_Device_Library/Core/Src/usbd_core.o
                0x000000000800b6d8                USBD_RegisterClass
 .text.USBD_Start
                0x000000000800b70a       0x18 ./Middlewares/ST/STM32_USB_Device_Library/Core/Src/usbd_core.o
                0x000000000800b70a                USBD_Start
 .text.USBD_RunTestMode
                0x000000000800b722       0x14 ./Middlewares/ST/STM32_USB_Device_Library/Core/Src/usbd_core.o
                0x000000000800b722                USBD_RunTestMode
 .text.USBD_SetClassConfig
                0x000000000800b736       0x3e ./Middlewares/ST/STM32_USB_Device_Library/Core/Src/usbd_core.o
                0x000000000800b736                USBD_SetClassConfig
 .text.USBD_ClrClassConfig
                0x000000000800b774       0x26 ./Middlewares/ST/STM32_USB_Device_Library/Core/Src/usbd_core.o
                0x000000000800b774                USBD_ClrClassConfig
 .text.USBD_LL_SetupStage
                0x000000000800b79a       0x9a ./Middlewares/ST/STM32_USB_Device_Library/Core/Src/usbd_core.o
                0x000000000800b79a                USBD_LL_SetupStage
 .text.USBD_LL_DataOutStage
                0x000000000800b834       0xe2 ./Middlewares/ST/STM32_USB_Device_Library/Core/Src/usbd_core.o
                0x000000000800b834                USBD_LL_DataOutStage
 .text.USBD_LL_DataInStage
                0x000000000800b916      0x14a ./Middlewares/ST/STM32_USB_Device_Library/Core/Src/usbd_core.o
                0x000000000800b916                USBD_LL_DataInStage
 .text.USBD_LL_Reset
                0x000000000800ba60       0x82 ./Middlewares/ST/STM32_USB_Device_Library/Core/Src/usbd_core.o
                0x000000000800ba60                USBD_LL_Reset
 .text.USBD_LL_SetSpeed
                0x000000000800bae2       0x1e ./Middlewares/ST/STM32_USB_Device_Library/Core/Src/usbd_core.o
                0x000000000800bae2                USBD_LL_SetSpeed
 .text.USBD_LL_Suspend
                0x000000000800bb00       0x28 ./Middlewares/ST/STM32_USB_Device_Library/Core/Src/usbd_core.o
                0x000000000800bb00                USBD_LL_Suspend
 .text.USBD_LL_Resume
                0x000000000800bb28       0x2a ./Middlewares/ST/STM32_USB_Device_Library/Core/Src/usbd_core.o
                0x000000000800bb28                USBD_LL_Resume
 .text.USBD_LL_SOF
                0x000000000800bb52       0x34 ./Middlewares/ST/STM32_USB_Device_Library/Core/Src/usbd_core.o
                0x000000000800bb52                USBD_LL_SOF
 *fill*         0x000000000800bb86        0x2 
 .text.USBD_StdDevReq
                0x000000000800bb88       0xd4 ./Middlewares/ST/STM32_USB_Device_Library/Core/Src/usbd_ctlreq.o
                0x000000000800bb88                USBD_StdDevReq
 .text.USBD_StdItfReq
                0x000000000800bc5c       0x90 ./Middlewares/ST/STM32_USB_Device_Library/Core/Src/usbd_ctlreq.o
                0x000000000800bc5c                USBD_StdItfReq
 .text.USBD_StdEPReq
                0x000000000800bcec      0x2c6 ./Middlewares/ST/STM32_USB_Device_Library/Core/Src/usbd_ctlreq.o
                0x000000000800bcec                USBD_StdEPReq
 *fill*         0x000000000800bfb2        0x2 
 .text.USBD_GetDescriptor
                0x000000000800bfb4      0x2d0 ./Middlewares/ST/STM32_USB_Device_Library/Core/Src/usbd_ctlreq.o
 .text.USBD_SetAddress
                0x000000000800c284       0x86 ./Middlewares/ST/STM32_USB_Device_Library/Core/Src/usbd_ctlreq.o
 *fill*         0x000000000800c30a        0x2 
 .text.USBD_SetConfig
                0x000000000800c30c      0x11c ./Middlewares/ST/STM32_USB_Device_Library/Core/Src/usbd_ctlreq.o
 .text.USBD_GetConfig
                0x000000000800c428       0x6a ./Middlewares/ST/STM32_USB_Device_Library/Core/Src/usbd_ctlreq.o
 .text.USBD_GetStatus
                0x000000000800c492       0x66 ./Middlewares/ST/STM32_USB_Device_Library/Core/Src/usbd_ctlreq.o
 .text.USBD_SetFeature
                0x000000000800c4f8       0x28 ./Middlewares/ST/STM32_USB_Device_Library/Core/Src/usbd_ctlreq.o
 .text.USBD_ClrFeature
                0x000000000800c520       0x42 ./Middlewares/ST/STM32_USB_Device_Library/Core/Src/usbd_ctlreq.o
 .text.USBD_ParseSetupRequest
                0x000000000800c562       0x78 ./Middlewares/ST/STM32_USB_Device_Library/Core/Src/usbd_ctlreq.o
                0x000000000800c562                USBD_ParseSetupRequest
 .text.USBD_CtlError
                0x000000000800c5da       0x22 ./Middlewares/ST/STM32_USB_Device_Library/Core/Src/usbd_ctlreq.o
                0x000000000800c5da                USBD_CtlError
 .text.USBD_GetString
                0x000000000800c5fc       0x84 ./Middlewares/ST/STM32_USB_Device_Library/Core/Src/usbd_ctlreq.o
                0x000000000800c5fc                USBD_GetString
 .text.USBD_GetLen
                0x000000000800c680       0x2e ./Middlewares/ST/STM32_USB_Device_Library/Core/Src/usbd_ctlreq.o
 .text.USBD_CtlSendData
                0x000000000800c6ae       0x38 ./Middlewares/ST/STM32_USB_Device_Library/Core/Src/usbd_ioreq.o
                0x000000000800c6ae                USBD_CtlSendData
 .text.USBD_CtlContinueSendData
                0x000000000800c6e6       0x24 ./Middlewares/ST/STM32_USB_Device_Library/Core/Src/usbd_ioreq.o
                0x000000000800c6e6                USBD_CtlContinueSendData
 .text.USBD_CtlPrepareRx
                0x000000000800c70a       0x3c ./Middlewares/ST/STM32_USB_Device_Library/Core/Src/usbd_ioreq.o
                0x000000000800c70a                USBD_CtlPrepareRx
 .text.USBD_CtlContinueRx
                0x000000000800c746       0x24 ./Middlewares/ST/STM32_USB_Device_Library/Core/Src/usbd_ioreq.o
                0x000000000800c746                USBD_CtlContinueRx
 .text.USBD_CtlSendStatus
                0x000000000800c76a       0x26 ./Middlewares/ST/STM32_USB_Device_Library/Core/Src/usbd_ioreq.o
                0x000000000800c76a                USBD_CtlSendStatus
 .text.USBD_CtlReceiveStatus
                0x000000000800c790       0x26 ./Middlewares/ST/STM32_USB_Device_Library/Core/Src/usbd_ioreq.o
                0x000000000800c790                USBD_CtlReceiveStatus
 *fill*         0x000000000800c7b6        0x2 
 .text.MX_USB_DEVICE_Init
                0x000000000800c7b8       0x60 ./USB_DEVICE/App/usb_device.o
                0x000000000800c7b8                MX_USB_DEVICE_Init
 .text.CDC_Init_FS
                0x000000000800c818       0x28 ./USB_DEVICE/App/usbd_cdc_if.o
 .text.CDC_DeInit_FS
                0x000000000800c840        0xe ./USB_DEVICE/App/usbd_cdc_if.o
 *fill*         0x000000000800c84e        0x2 
 .text.CDC_Control_FS
                0x000000000800c850       0xbc ./USB_DEVICE/App/usbd_cdc_if.o
 .text.CDC_Receive_FS
                0x000000000800c90c       0x44 ./USB_DEVICE/App/usbd_cdc_if.o
 .text.CDC_Transmit_FS
                0x000000000800c950       0x4c ./USB_DEVICE/App/usbd_cdc_if.o
                0x000000000800c950                CDC_Transmit_FS
 .text.USBD_FS_DeviceDescriptor
                0x000000000800c99c       0x24 ./USB_DEVICE/App/usbd_desc.o
                0x000000000800c99c                USBD_FS_DeviceDescriptor
 .text.USBD_FS_LangIDStrDescriptor
                0x000000000800c9c0       0x24 ./USB_DEVICE/App/usbd_desc.o
                0x000000000800c9c0                USBD_FS_LangIDStrDescriptor
 .text.USBD_FS_ProductStrDescriptor
                0x000000000800c9e4       0x3c ./USB_DEVICE/App/usbd_desc.o
                0x000000000800c9e4                USBD_FS_ProductStrDescriptor
 .text.USBD_FS_ManufacturerStrDescriptor
                0x000000000800ca20       0x28 ./USB_DEVICE/App/usbd_desc.o
                0x000000000800ca20                USBD_FS_ManufacturerStrDescriptor
 .text.USBD_FS_SerialStrDescriptor
                0x000000000800ca48       0x24 ./USB_DEVICE/App/usbd_desc.o
                0x000000000800ca48                USBD_FS_SerialStrDescriptor
 .text.USBD_FS_ConfigStrDescriptor
                0x000000000800ca6c       0x3c ./USB_DEVICE/App/usbd_desc.o
                0x000000000800ca6c                USBD_FS_ConfigStrDescriptor
 .text.USBD_FS_InterfaceStrDescriptor
                0x000000000800caa8       0x3c ./USB_DEVICE/App/usbd_desc.o
                0x000000000800caa8                USBD_FS_InterfaceStrDescriptor
 .text.Get_SerialNum
                0x000000000800cae4       0x58 ./USB_DEVICE/App/usbd_desc.o
 .text.IntToUnicode
                0x000000000800cb3c       0x7c ./USB_DEVICE/App/usbd_desc.o
 .text.HAL_PCD_MspInit
                0x000000000800cbb8       0x4c ./USB_DEVICE/Target/usbd_conf.o
                0x000000000800cbb8                HAL_PCD_MspInit
 .text.HAL_PCD_SetupStageCallback
                0x000000000800cc04       0x24 ./USB_DEVICE/Target/usbd_conf.o
                0x000000000800cc04                HAL_PCD_SetupStageCallback
 .text.HAL_PCD_DataOutStageCallback
                0x000000000800cc28       0x36 ./USB_DEVICE/Target/usbd_conf.o
                0x000000000800cc28                HAL_PCD_DataOutStageCallback
 .text.HAL_PCD_DataInStageCallback
                0x000000000800cc5e       0x34 ./USB_DEVICE/Target/usbd_conf.o
                0x000000000800cc5e                HAL_PCD_DataInStageCallback
 .text.HAL_PCD_SOFCallback
                0x000000000800cc92       0x1c ./USB_DEVICE/Target/usbd_conf.o
                0x000000000800cc92                HAL_PCD_SOFCallback
 .text.HAL_PCD_ResetCallback
                0x000000000800ccae       0x3c ./USB_DEVICE/Target/usbd_conf.o
                0x000000000800ccae                HAL_PCD_ResetCallback
 *fill*         0x000000000800ccea        0x2 
 .text.HAL_PCD_SuspendCallback
                0x000000000800ccec       0x34 ./USB_DEVICE/Target/usbd_conf.o
                0x000000000800ccec                HAL_PCD_SuspendCallback
 .text.HAL_PCD_ResumeCallback
                0x000000000800cd20       0x1c ./USB_DEVICE/Target/usbd_conf.o
                0x000000000800cd20                HAL_PCD_ResumeCallback
 .text.USBD_LL_Init
                0x000000000800cd3c       0xb4 ./USB_DEVICE/Target/usbd_conf.o
                0x000000000800cd3c                USBD_LL_Init
 .text.USBD_LL_Start
                0x000000000800cdf0       0x36 ./USB_DEVICE/Target/usbd_conf.o
                0x000000000800cdf0                USBD_LL_Start
 .text.USBD_LL_OpenEP
                0x000000000800ce26       0x4c ./USB_DEVICE/Target/usbd_conf.o
                0x000000000800ce26                USBD_LL_OpenEP
 .text.USBD_LL_CloseEP
                0x000000000800ce72       0x3e ./USB_DEVICE/Target/usbd_conf.o
                0x000000000800ce72                USBD_LL_CloseEP
 .text.USBD_LL_StallEP
                0x000000000800ceb0       0x3e ./USB_DEVICE/Target/usbd_conf.o
                0x000000000800ceb0                USBD_LL_StallEP
 .text.USBD_LL_ClearStallEP
                0x000000000800ceee       0x3e ./USB_DEVICE/Target/usbd_conf.o
                0x000000000800ceee                USBD_LL_ClearStallEP
 .text.USBD_LL_IsStallEP
                0x000000000800cf2c       0x58 ./USB_DEVICE/Target/usbd_conf.o
                0x000000000800cf2c                USBD_LL_IsStallEP
 .text.USBD_LL_SetUSBAddress
                0x000000000800cf84       0x3e ./USB_DEVICE/Target/usbd_conf.o
                0x000000000800cf84                USBD_LL_SetUSBAddress
 .text.USBD_LL_Transmit
                0x000000000800cfc2       0x46 ./USB_DEVICE/Target/usbd_conf.o
                0x000000000800cfc2                USBD_LL_Transmit
 .text.USBD_LL_PrepareReceive
                0x000000000800d008       0x46 ./USB_DEVICE/Target/usbd_conf.o
                0x000000000800d008                USBD_LL_PrepareReceive
 .text.USBD_LL_GetRxDataSize
                0x000000000800d04e       0x26 ./USB_DEVICE/Target/usbd_conf.o
                0x000000000800d04e                USBD_LL_GetRxDataSize
 .text.USBD_static_malloc
                0x000000000800d074       0x18 ./USB_DEVICE/Target/usbd_conf.o
                0x000000000800d074                USBD_static_malloc
 .text.USBD_static_free
                0x000000000800d08c       0x12 ./USB_DEVICE/Target/usbd_conf.o
                0x000000000800d08c                USBD_static_free
 .text.HAL_PCDEx_SetConnectionState
                0x000000000800d09e       0x16 ./USB_DEVICE/Target/usbd_conf.o
                0x000000000800d09e                HAL_PCDEx_SetConnectionState
 .text.USBD_Get_USB_Status
                0x000000000800d0b4       0x58 ./USB_DEVICE/Target/usbd_conf.o
 .text.__errno  0x000000000800d10c        0xc c:/st/stm32cubeide_1.10.1/stm32cubeide/plugins/com.st.stm32cube.ide.mcu.externaltools.gnu-tools-for-stm32.10.3-2021.10.win32_1.0.0.202111181127/tools/bin/../lib/gcc/arm-none-eabi/10.3.1/../../../../arm-none-eabi/lib/thumb/v7-m/nofp\libc_nano.a(lib_a-errno.o)
                0x000000000800d10c                __errno
 .text.__libc_init_array
                0x000000000800d118       0x48 c:/st/stm32cubeide_1.10.1/stm32cubeide/plugins/com.st.stm32cube.ide.mcu.externaltools.gnu-tools-for-stm32.10.3-2021.10.win32_1.0.0.202111181127/tools/bin/../lib/gcc/arm-none-eabi/10.3.1/../../../../arm-none-eabi/lib/thumb/v7-m/nofp\libc_nano.a(lib_a-init.o)
                0x000000000800d118                __libc_init_array
 .text.memcpy   0x000000000800d160       0x1c c:/st/stm32cubeide_1.10.1/stm32cubeide/plugins/com.st.stm32cube.ide.mcu.externaltools.gnu-tools-for-stm32.10.3-2021.10.win32_1.0.0.202111181127/tools/bin/../lib/gcc/arm-none-eabi/10.3.1/../../../../arm-none-eabi/lib/thumb/v7-m/nofp\libc_nano.a(lib_a-memcpy-stub.o)
                0x000000000800d160                memcpy
 .text.memset   0x000000000800d17c       0x10 c:/st/stm32cubeide_1.10.1/stm32cubeide/plugins/com.st.stm32cube.ide.mcu.externaltools.gnu-tools-for-stm32.10.3-2021.10.win32_1.0.0.202111181127/tools/bin/../lib/gcc/arm-none-eabi/10.3.1/../../../../arm-none-eabi/lib/thumb/v7-m/nofp\libc_nano.a(lib_a-memset.o)
                0x000000000800d17c                memset
 .text.sprintf  0x000000000800d18c       0x40 c:/st/stm32cubeide_1.10.1/stm32cubeide/plugins/com.st.stm32cube.ide.mcu.externaltools.gnu-tools-for-stm32.10.3-2021.10.win32_1.0.0.202111181127/tools/bin/../lib/gcc/arm-none-eabi/10.3.1/../../../../arm-none-eabi/lib/thumb/v7-m/nofp\libc_nano.a(lib_a-sprintf.o)
                0x000000000800d18c                siprintf
                0x000000000800d18c                sprintf
 .text.__ssputs_r
                0x000000000800d1cc       0xb6 c:/st/stm32cubeide_1.10.1/stm32cubeide/plugins/com.st.stm32cube.ide.mcu.externaltools.gnu-tools-for-stm32.10.3-2021.10.win32_1.0.0.202111181127/tools/bin/../lib/gcc/arm-none-eabi/10.3.1/../../../../arm-none-eabi/lib/thumb/v7-m/nofp\libc_nano.a(lib_a-nano-svfprintf.o)
                0x000000000800d1cc                __ssputs_r
 *fill*         0x000000000800d282        0x2 
 .text._svfprintf_r
                0x000000000800d284      0x200 c:/st/stm32cubeide_1.10.1/stm32cubeide/plugins/com.st.stm32cube.ide.mcu.externaltools.gnu-tools-for-stm32.10.3-2021.10.win32_1.0.0.202111181127/tools/bin/../lib/gcc/arm-none-eabi/10.3.1/../../../../arm-none-eabi/lib/thumb/v7-m/nofp\libc_nano.a(lib_a-nano-svfprintf.o)
                0x000000000800d284                _svfiprintf_r
                0x000000000800d284                _svfprintf_r
 .text._printf_common
                0x000000000800d484       0xde c:/st/stm32cubeide_1.10.1/stm32cubeide/plugins/com.st.stm32cube.ide.mcu.externaltools.gnu-tools-for-stm32.10.3-2021.10.win32_1.0.0.202111181127/tools/bin/../lib/gcc/arm-none-eabi/10.3.1/../../../../arm-none-eabi/lib/thumb/v7-m/nofp\libc_nano.a(lib_a-nano-vfprintf_i.o)
                0x000000000800d484                _printf_common
 *fill*         0x000000000800d562        0x2 
 .text._printf_i
                0x000000000800d564      0x24c c:/st/stm32cubeide_1.10.1/stm32cubeide/plugins/com.st.stm32cube.ide.mcu.externaltools.gnu-tools-for-stm32.10.3-2021.10.win32_1.0.0.202111181127/tools/bin/../lib/gcc/arm-none-eabi/10.3.1/../../../../arm-none-eabi/lib/thumb/v7-m/nofp\libc_nano.a(lib_a-nano-vfprintf_i.o)
                0x000000000800d564                _printf_i
 .text.memchr   0x000000000800d7b0       0x1c c:/st/stm32cubeide_1.10.1/stm32cubeide/plugins/com.st.stm32cube.ide.mcu.externaltools.gnu-tools-for-stm32.10.3-2021.10.win32_1.0.0.202111181127/tools/bin/../lib/gcc/arm-none-eabi/10.3.1/../../../../arm-none-eabi/lib/thumb/v7-m/nofp\libc_nano.a(lib_a-memchr-stub.o)
                0x000000000800d7b0                memchr
 .text.memmove  0x000000000800d7cc       0x34 c:/st/stm32cubeide_1.10.1/stm32cubeide/plugins/com.st.stm32cube.ide.mcu.externaltools.gnu-tools-for-stm32.10.3-2021.10.win32_1.0.0.202111181127/tools/bin/../lib/gcc/arm-none-eabi/10.3.1/../../../../arm-none-eabi/lib/thumb/v7-m/nofp\libc_nano.a(lib_a-memmove.o)
                0x000000000800d7cc                memmove
 .text._free_r  0x000000000800d800       0x90 c:/st/stm32cubeide_1.10.1/stm32cubeide/plugins/com.st.stm32cube.ide.mcu.externaltools.gnu-tools-for-stm32.10.3-2021.10.win32_1.0.0.202111181127/tools/bin/../lib/gcc/arm-none-eabi/10.3.1/../../../../arm-none-eabi/lib/thumb/v7-m/nofp\libc_nano.a(lib_a-nano-freer.o)
                0x000000000800d800                _free_r
 .text.sbrk_aligned
                0x000000000800d890       0x40 c:/st/stm32cubeide_1.10.1/stm32cubeide/plugins/com.st.stm32cube.ide.mcu.externaltools.gnu-tools-for-stm32.10.3-2021.10.win32_1.0.0.202111181127/tools/bin/../lib/gcc/arm-none-eabi/10.3.1/../../../../arm-none-eabi/lib/thumb/v7-m/nofp\libc_nano.a(lib_a-nano-mallocr.o)
 .text._malloc_r
                0x000000000800d8d0       0xe8 c:/st/stm32cubeide_1.10.1/stm32cubeide/plugins/com.st.stm32cube.ide.mcu.externaltools.gnu-tools-for-stm32.10.3-2021.10.win32_1.0.0.202111181127/tools/bin/../lib/gcc/arm-none-eabi/10.3.1/../../../../arm-none-eabi/lib/thumb/v7-m/nofp\libc_nano.a(lib_a-nano-mallocr.o)
                0x000000000800d8d0                _malloc_r
 .text._realloc_r
                0x000000000800d9b8       0x5e c:/st/stm32cubeide_1.10.1/stm32cubeide/plugins/com.st.stm32cube.ide.mcu.externaltools.gnu-tools-for-stm32.10.3-2021.10.win32_1.0.0.202111181127/tools/bin/../lib/gcc/arm-none-eabi/10.3.1/../../../../arm-none-eabi/lib/thumb/v7-m/nofp\libc_nano.a(lib_a-nano-reallocr.o)
                0x000000000800d9b8                _realloc_r
 *fill*         0x000000000800da16        0x2 
 .text._sbrk_r  0x000000000800da18       0x20 c:/st/stm32cubeide_1.10.1/stm32cubeide/plugins/com.st.stm32cube.ide.mcu.externaltools.gnu-tools-for-stm32.10.3-2021.10.win32_1.0.0.202111181127/tools/bin/../lib/gcc/arm-none-eabi/10.3.1/../../../../arm-none-eabi/lib/thumb/v7-m/nofp\libc_nano.a(lib_a-sbrkr.o)
                0x000000000800da18                _sbrk_r
 .text.__malloc_lock
                0x000000000800da38        0xc c:/st/stm32cubeide_1.10.1/stm32cubeide/plugins/com.st.stm32cube.ide.mcu.externaltools.gnu-tools-for-stm32.10.3-2021.10.win32_1.0.0.202111181127/tools/bin/../lib/gcc/arm-none-eabi/10.3.1/../../../../arm-none-eabi/lib/thumb/v7-m/nofp\libc_nano.a(lib_a-mlock.o)
                0x000000000800da38                __malloc_lock
 .text.__malloc_unlock
                0x000000000800da44        0xc c:/st/stm32cubeide_1.10.1/stm32cubeide/plugins/com.st.stm32cube.ide.mcu.externaltools.gnu-tools-for-stm32.10.3-2021.10.win32_1.0.0.202111181127/tools/bin/../lib/gcc/arm-none-eabi/10.3.1/../../../../arm-none-eabi/lib/thumb/v7-m/nofp\libc_nano.a(lib_a-mlock.o)
                0x000000000800da44                __malloc_unlock
 .text._malloc_usable_size_r
                0x000000000800da50       0x10 c:/st/stm32cubeide_1.10.1/stm32cubeide/plugins/com.st.stm32cube.ide.mcu.externaltools.gnu-tools-for-stm32.10.3-2021.10.win32_1.0.0.202111181127/tools/bin/../lib/gcc/arm-none-eabi/10.3.1/../../../../arm-none-eabi/lib/thumb/v7-m/nofp\libc_nano.a(lib_a-nano-msizer.o)
                0x000000000800da50                _malloc_usable_size_r
 .text.__retarget_lock_acquire_recursive
                0x000000000800da60        0x2 c:/st/stm32cubeide_1.10.1/stm32cubeide/plugins/com.st.stm32cube.ide.mcu.externaltools.gnu-tools-for-stm32.10.3-2021.10.win32_1.0.0.202111181127/tools/bin/../lib/gcc/arm-none-eabi/10.3.1/../../../../arm-none-eabi/lib/thumb/v7-m/nofp\libc_nano.a(lib_a-lock.o)
                0x000000000800da60                __retarget_lock_acquire_recursive
 .text.__retarget_lock_release_recursive
                0x000000000800da62        0x2 c:/st/stm32cubeide_1.10.1/stm32cubeide/plugins/com.st.stm32cube.ide.mcu.externaltools.gnu-tools-for-stm32.10.3-2021.10.win32_1.0.0.202111181127/tools/bin/../lib/gcc/arm-none-eabi/10.3.1/../../../../arm-none-eabi/lib/thumb/v7-m/nofp\libc_nano.a(lib_a-lock.o)
                0x000000000800da62                __retarget_lock_release_recursive
 *(.glue_7)
 .glue_7        0x000000000800da64        0x0 linker stubs
 *(.glue_7t)
 .glue_7t       0x000000000800da64        0x0 linker stubs
 *(.eh_frame)
 .eh_frame      0x000000000800da64        0x0 c:/st/stm32cubeide_1.10.1/stm32cubeide/plugins/com.st.stm32cube.ide.mcu.externaltools.gnu-tools-for-stm32.10.3-2021.10.win32_1.0.0.202111181127/tools/bin/../lib/gcc/arm-none-eabi/10.3.1/thumb/v7-m/nofp/crtbegin.o
 *(.init)
 .init          0x000000000800da64        0x4 c:/st/stm32cubeide_1.10.1/stm32cubeide/plugins/com.st.stm32cube.ide.mcu.externaltools.gnu-tools-for-stm32.10.3-2021.10.win32_1.0.0.202111181127/tools/bin/../lib/gcc/arm-none-eabi/10.3.1/thumb/v7-m/nofp/crti.o
                0x000000000800da64                _init
 .init          0x000000000800da68        0x8 c:/st/stm32cubeide_1.10.1/stm32cubeide/plugins/com.st.stm32cube.ide.mcu.externaltools.gnu-tools-for-stm32.10.3-2021.10.win32_1.0.0.202111181127/tools/bin/../lib/gcc/arm-none-eabi/10.3.1/thumb/v7-m/nofp/crtn.o
 *(.fini)
 .fini          0x000000000800da70        0x4 c:/st/stm32cubeide_1.10.1/stm32cubeide/plugins/com.st.stm32cube.ide.mcu.externaltools.gnu-tools-for-stm32.10.3-2021.10.win32_1.0.0.202111181127/tools/bin/../lib/gcc/arm-none-eabi/10.3.1/thumb/v7-m/nofp/crti.o
                0x000000000800da70                _fini
 .fini          0x000000000800da74        0x8 c:/st/stm32cubeide_1.10.1/stm32cubeide/plugins/com.st.stm32cube.ide.mcu.externaltools.gnu-tools-for-stm32.10.3-2021.10.win32_1.0.0.202111181127/tools/bin/../lib/gcc/arm-none-eabi/10.3.1/thumb/v7-m/nofp/crtn.o
                0x000000000800da7c                . = ALIGN (0x4)
                0x000000000800da7c                _etext = .

.vfp11_veneer   0x000000000800da7c        0x0
 .vfp11_veneer  0x000000000800da7c        0x0 linker stubs

.v4_bx          0x000000000800da7c        0x0
 .v4_bx         0x000000000800da7c        0x0 linker stubs

.iplt           0x000000000800da7c        0x0
 .iplt          0x000000000800da7c        0x0 c:/st/stm32cubeide_1.10.1/stm32cubeide/plugins/com.st.stm32cube.ide.mcu.externaltools.gnu-tools-for-stm32.10.3-2021.10.win32_1.0.0.202111181127/tools/bin/../lib/gcc/arm-none-eabi/10.3.1/thumb/v7-m/nofp/crtbegin.o

.rodata         0x000000000800da7c      0x7ec
                0x000000000800da7c                . = ALIGN (0x4)
 *(.rodata)
 .rodata        0x000000000800da7c      0x623 ./Core/Src/listmenu.o
 *fill*         0x000000000800e09f        0x1 
 .rodata        0x000000000800e0a0       0x1a ./Core/Src/lock.o
 *fill*         0x000000000800e0ba        0x2 
 .rodata        0x000000000800e0bc        0xf ./Core/Src/main.o
 *fill*         0x000000000800e0cb        0x1 
 .rodata        0x000000000800e0cc       0x94 ./Core/Src/password.o
 .rodata        0x000000000800e160       0x2f ./Core/Src/stateCardID.o
 *fill*         0x000000000800e18f        0x1 
 .rodata        0x000000000800e190       0x3b ./Core/Src/stateMenu.o
 *fill*         0x000000000800e1cb        0x1 
 .rodata        0x000000000800e1cc       0x10 ./Drivers/STM32F1xx_HAL_Driver/Src/stm32f1xx_hal_rcc.o
 .rodata        0x000000000800e1dc       0x46 ./USB_DEVICE/App/usbd_desc.o
 *(.rodata*)
 *fill*         0x000000000800e222        0x2 
 .rodata.AHBPrescTable
                0x000000000800e224       0x10 ./Core/Src/system_stm32f1xx.o
                0x000000000800e224                AHBPrescTable
 .rodata._svfprintf_r.str1.1
                0x000000000800e234       0x11 c:/st/stm32cubeide_1.10.1/stm32cubeide/plugins/com.st.stm32cube.ide.mcu.externaltools.gnu-tools-for-stm32.10.3-2021.10.win32_1.0.0.202111181127/tools/bin/../lib/gcc/arm-none-eabi/10.3.1/../../../../arm-none-eabi/lib/thumb/v7-m/nofp\libc_nano.a(lib_a-nano-svfprintf.o)
 .rodata._printf_i.str1.1
                0x000000000800e245       0x22 c:/st/stm32cubeide_1.10.1/stm32cubeide/plugins/com.st.stm32cube.ide.mcu.externaltools.gnu-tools-for-stm32.10.3-2021.10.win32_1.0.0.202111181127/tools/bin/../lib/gcc/arm-none-eabi/10.3.1/../../../../arm-none-eabi/lib/thumb/v7-m/nofp\libc_nano.a(lib_a-nano-vfprintf_i.o)
                0x000000000800e268                . = ALIGN (0x4)
 *fill*         0x000000000800e267        0x1 

.rel.dyn        0x000000000800e268        0x0
 .rel.iplt      0x000000000800e268        0x0 c:/st/stm32cubeide_1.10.1/stm32cubeide/plugins/com.st.stm32cube.ide.mcu.externaltools.gnu-tools-for-stm32.10.3-2021.10.win32_1.0.0.202111181127/tools/bin/../lib/gcc/arm-none-eabi/10.3.1/thumb/v7-m/nofp/crtbegin.o

.ARM.extab      0x000000000800e268        0x0
                0x000000000800e268                . = ALIGN (0x4)
 *(.ARM.extab* .gnu.linkonce.armextab.*)
                0x000000000800e268                . = ALIGN (0x4)

.ARM            0x000000000800e268        0x0
                0x000000000800e268                . = ALIGN (0x4)
                0x000000000800e268                __exidx_start = .
 *(.ARM.exidx*)
                0x000000000800e268                __exidx_end = .
                0x000000000800e268                . = ALIGN (0x4)

.preinit_array  0x000000000800e268        0x0
                0x000000000800e268                . = ALIGN (0x4)
                0x000000000800e268                PROVIDE (__preinit_array_start = .)
 *(.preinit_array*)
                0x000000000800e268                PROVIDE (__preinit_array_end = .)
                0x000000000800e268                . = ALIGN (0x4)

.init_array     0x000000000800e268        0x4
                0x000000000800e268                . = ALIGN (0x4)
                0x000000000800e268                PROVIDE (__init_array_start = .)
 *(SORT_BY_NAME(.init_array.*))
 *(.init_array*)
 .init_array    0x000000000800e268        0x4 c:/st/stm32cubeide_1.10.1/stm32cubeide/plugins/com.st.stm32cube.ide.mcu.externaltools.gnu-tools-for-stm32.10.3-2021.10.win32_1.0.0.202111181127/tools/bin/../lib/gcc/arm-none-eabi/10.3.1/thumb/v7-m/nofp/crtbegin.o
                0x000000000800e26c                PROVIDE (__init_array_end = .)
                0x000000000800e26c                . = ALIGN (0x4)

.fini_array     0x000000000800e26c        0x4
                0x000000000800e26c                . = ALIGN (0x4)
                [!provide]                        PROVIDE (__fini_array_start = .)
 *(SORT_BY_NAME(.fini_array.*))
 *(.fini_array*)
 .fini_array    0x000000000800e26c        0x4 c:/st/stm32cubeide_1.10.1/stm32cubeide/plugins/com.st.stm32cube.ide.mcu.externaltools.gnu-tools-for-stm32.10.3-2021.10.win32_1.0.0.202111181127/tools/bin/../lib/gcc/arm-none-eabi/10.3.1/thumb/v7-m/nofp/crtbegin.o
                [!provide]                        PROVIDE (__fini_array_end = .)
                0x000000000800e270                . = ALIGN (0x4)
                0x000000000800e270                _sidata = LOADADDR (.data)

.data           0x0000000020000000      0x1ec load address 0x000000000800e270
                0x0000000020000000                . = ALIGN (0x4)
                0x0000000020000000                _sdata = .
 *(.data)
 *(.data*)
 .data.exitmenu
                0x0000000020000000        0x1 ./Core/Src/main.o
                0x0000000020000000                exitmenu
 .data.buton    0x0000000020000001        0x1 ./Core/Src/main.o
                0x0000000020000001                buton
 *fill*         0x0000000020000002        0x2 
 .data.AddressUID
                0x0000000020000004        0x4 ./Core/Src/main.o
                0x0000000020000004                AddressUID
 .data.delayloa
                0x0000000020000008        0x4 ./Core/Src/main.o
                0x0000000020000008                delayloa
 .data.SystemCoreClock
                0x000000002000000c        0x4 ./Core/Src/system_stm32f1xx.o
                0x000000002000000c                SystemCoreClock
 .data.uwTickPrio
                0x0000000020000010        0x4 ./Drivers/STM32F1xx_HAL_Driver/Src/stm32f1xx_hal.o
                0x0000000020000010                uwTickPrio
 .data.uwTickFreq
                0x0000000020000014        0x1 ./Drivers/STM32F1xx_HAL_Driver/Src/stm32f1xx_hal.o
                0x0000000020000014                uwTickFreq
 *fill*         0x0000000020000015        0x3 
 .data.USBD_CDC_DeviceQualifierDesc
                0x0000000020000018        0xa ./Middlewares/ST/STM32_USB_Device_Library/Class/CDC/Src/usbd_cdc.o
 *fill*         0x0000000020000022        0x2 
 .data.USBD_CDC
                0x0000000020000024       0x38 ./Middlewares/ST/STM32_USB_Device_Library/Class/CDC/Src/usbd_cdc.o
                0x0000000020000024                USBD_CDC
 .data.USBD_CDC_CfgHSDesc
                0x000000002000005c       0x43 ./Middlewares/ST/STM32_USB_Device_Library/Class/CDC/Src/usbd_cdc.o
                0x000000002000005c                USBD_CDC_CfgHSDesc
 *fill*         0x000000002000009f        0x1 
 .data.USBD_CDC_CfgFSDesc
                0x00000000200000a0       0x43 ./Middlewares/ST/STM32_USB_Device_Library/Class/CDC/Src/usbd_cdc.o
                0x00000000200000a0                USBD_CDC_CfgFSDesc
 *fill*         0x00000000200000e3        0x1 
 .data.USBD_CDC_OtherSpeedCfgDesc
                0x00000000200000e4       0x43 ./Middlewares/ST/STM32_USB_Device_Library/Class/CDC/Src/usbd_cdc.o
                0x00000000200000e4                USBD_CDC_OtherSpeedCfgDesc
 *fill*         0x0000000020000127        0x1 
 .data.USBD_Interface_fops_FS
                0x0000000020000128       0x10 ./USB_DEVICE/App/usbd_cdc_if.o
                0x0000000020000128                USBD_Interface_fops_FS
 .data.FS_Desc  0x0000000020000138       0x1c ./USB_DEVICE/App/usbd_desc.o
                0x0000000020000138                FS_Desc
 .data.USBD_FS_DeviceDesc
                0x0000000020000154       0x12 ./USB_DEVICE/App/usbd_desc.o
                0x0000000020000154                USBD_FS_DeviceDesc
 *fill*         0x0000000020000166        0x2 
 .data.USBD_LangIDDesc
                0x0000000020000168        0x4 ./USB_DEVICE/App/usbd_desc.o
                0x0000000020000168                USBD_LangIDDesc
 .data.USBD_StringSerial
                0x000000002000016c       0x1a ./USB_DEVICE/App/usbd_desc.o
                0x000000002000016c                USBD_StringSerial
 *fill*         0x0000000020000186        0x2 
 .data._impure_ptr
                0x0000000020000188        0x4 c:/st/stm32cubeide_1.10.1/stm32cubeide/plugins/com.st.stm32cube.ide.mcu.externaltools.gnu-tools-for-stm32.10.3-2021.10.win32_1.0.0.202111181127/tools/bin/../lib/gcc/arm-none-eabi/10.3.1/../../../../arm-none-eabi/lib/thumb/v7-m/nofp\libc_nano.a(lib_a-impure.o)
                0x0000000020000188                _impure_ptr
 .data.impure_data
                0x000000002000018c       0x60 c:/st/stm32cubeide_1.10.1/stm32cubeide/plugins/com.st.stm32cube.ide.mcu.externaltools.gnu-tools-for-stm32.10.3-2021.10.win32_1.0.0.202111181127/tools/bin/../lib/gcc/arm-none-eabi/10.3.1/../../../../arm-none-eabi/lib/thumb/v7-m/nofp\libc_nano.a(lib_a-impure.o)
 *(.RamFunc)
 *(.RamFunc*)
                0x00000000200001ec                . = ALIGN (0x4)
                0x00000000200001ec                _edata = .

.igot.plt       0x00000000200001ec        0x0 load address 0x000000000800e45c
 .igot.plt      0x00000000200001ec        0x0 c:/st/stm32cubeide_1.10.1/stm32cubeide/plugins/com.st.stm32cube.ide.mcu.externaltools.gnu-tools-for-stm32.10.3-2021.10.win32_1.0.0.202111181127/tools/bin/../lib/gcc/arm-none-eabi/10.3.1/thumb/v7-m/nofp/crtbegin.o
                0x00000000200001ec                . = ALIGN (0x4)

.bss            0x00000000200001f0      0xce4 load address 0x000000000800e45c
                0x00000000200001f0                _sbss = .
                0x00000000200001f0                __bss_start__ = _sbss
 *(.bss)
 .bss           0x00000000200001f0       0x1c c:/st/stm32cubeide_1.10.1/stm32cubeide/plugins/com.st.stm32cube.ide.mcu.externaltools.gnu-tools-for-stm32.10.3-2021.10.win32_1.0.0.202111181127/tools/bin/../lib/gcc/arm-none-eabi/10.3.1/thumb/v7-m/nofp/crtbegin.o
 *(.bss*)
 .bss.str1      0x000000002000020c        0x8 ./Core/Src/listmenu.o
                0x000000002000020c                str1
 .bss.hspi1     0x0000000020000214       0x58 ./Core/Src/main.o
                0x0000000020000214                hspi1
 .bss.htim2     0x000000002000026c       0x48 ./Core/Src/main.o
                0x000000002000026c                htim2
 .bss.states    0x00000000200002b4        0x1 ./Core/Src/main.o
                0x00000000200002b4                states
 *fill*         0x00000000200002b5        0x3 
 .bss.IDCard    0x00000000200002b8       0x10 ./Core/Src/main.o
                0x00000000200002b8                IDCard
 .bss.Rx_Buffer
                0x00000000200002c8       0x80 ./Core/Src/main.o
                0x00000000200002c8                Rx_Buffer
 .bss.LCD1      0x0000000020000348       0x58 ./Core/Src/main.o
                0x0000000020000348                LCD1
 .bss.PassWord  0x00000000200003a0        0x8 ./Core/Src/main.o
                0x00000000200003a0                PassWord
 .bss.str       0x00000000200003a8       0x14 ./Core/Src/main.o
                0x00000000200003a8                str
 .bss.Tx_Buffer
                0x00000000200003bc        0x6 ./Core/Src/main.o
                0x00000000200003bc                Tx_Buffer
 *fill*         0x00000000200003c2        0x2 
 .bss.__sbrk_heap_end
                0x00000000200003c4        0x4 ./Core/Src/sysmem.o
 .bss.uwTick    0x00000000200003c8        0x4 ./Drivers/STM32F1xx_HAL_Driver/Src/stm32f1xx_hal.o
                0x00000000200003c8                uwTick
 *fill*         0x00000000200003cc        0x4 
 .bss.pFlash    0x00000000200003d0       0x20 ./Drivers/STM32F1xx_HAL_Driver/Src/stm32f1xx_hal_flash.o
                0x00000000200003d0                pFlash
 .bss.cfgidx.0  0x00000000200003f0        0x1 ./Middlewares/ST/STM32_USB_Device_Library/Core/Src/usbd_ctlreq.o
 *fill*         0x00000000200003f1        0x3 
 .bss.hUsbDeviceFS
                0x00000000200003f4      0x2c4 ./USB_DEVICE/App/usb_device.o
                0x00000000200003f4                hUsbDeviceFS
 .bss.UserRxBufferFS
                0x00000000200006b8       0x80 ./USB_DEVICE/App/usbd_cdc_if.o
                0x00000000200006b8                UserRxBufferFS
 .bss.UserTxBufferFS
                0x0000000020000738       0x80 ./USB_DEVICE/App/usbd_cdc_if.o
                0x0000000020000738                UserTxBufferFS
 .bss.USBD_StrDesc
                0x00000000200007b8      0x200 ./USB_DEVICE/App/usbd_desc.o
                0x00000000200007b8                USBD_StrDesc
 .bss.hpcd_USB_FS
                0x00000000200009b8      0x2ec ./USB_DEVICE/Target/usbd_conf.o
                0x00000000200009b8                hpcd_USB_FS
 .bss.mem.0     0x0000000020000ca4      0x220 ./USB_DEVICE/Target/usbd_conf.o
 .bss.__malloc_free_list
                0x0000000020000ec4        0x4 c:/st/stm32cubeide_1.10.1/stm32cubeide/plugins/com.st.stm32cube.ide.mcu.externaltools.gnu-tools-for-stm32.10.3-2021.10.win32_1.0.0.202111181127/tools/bin/../lib/gcc/arm-none-eabi/10.3.1/../../../../arm-none-eabi/lib/thumb/v7-m/nofp\libc_nano.a(lib_a-nano-mallocr.o)
                0x0000000020000ec4                __malloc_free_list
 .bss.__malloc_sbrk_start
                0x0000000020000ec8        0x4 c:/st/stm32cubeide_1.10.1/stm32cubeide/plugins/com.st.stm32cube.ide.mcu.externaltools.gnu-tools-for-stm32.10.3-2021.10.win32_1.0.0.202111181127/tools/bin/../lib/gcc/arm-none-eabi/10.3.1/../../../../arm-none-eabi/lib/thumb/v7-m/nofp\libc_nano.a(lib_a-nano-mallocr.o)
                0x0000000020000ec8                __malloc_sbrk_start
 .bss.errno     0x0000000020000ecc        0x4 c:/st/stm32cubeide_1.10.1/stm32cubeide/plugins/com.st.stm32cube.ide.mcu.externaltools.gnu-tools-for-stm32.10.3-2021.10.win32_1.0.0.202111181127/tools/bin/../lib/gcc/arm-none-eabi/10.3.1/../../../../arm-none-eabi/lib/thumb/v7-m/nofp\libc_nano.a(lib_a-reent.o)
                0x0000000020000ecc                errno
 .bss.__lock___malloc_recursive_mutex
                0x0000000020000ed0        0x1 c:/st/stm32cubeide_1.10.1/stm32cubeide/plugins/com.st.stm32cube.ide.mcu.externaltools.gnu-tools-for-stm32.10.3-2021.10.win32_1.0.0.202111181127/tools/bin/../lib/gcc/arm-none-eabi/10.3.1/../../../../arm-none-eabi/lib/thumb/v7-m/nofp\libc_nano.a(lib_a-lock.o)
                0x0000000020000ed0                __lock___malloc_recursive_mutex
 *(COMMON)
                0x0000000020000ed4                . = ALIGN (0x4)
 *fill*         0x0000000020000ed1        0x3 
                0x0000000020000ed4                _ebss = .
                0x0000000020000ed4                __bss_end__ = _ebss

._user_heap_stack
                0x0000000020000ed4      0x604 load address 0x000000000800e45c
                0x0000000020000ed8                . = ALIGN (0x8)
 *fill*         0x0000000020000ed4        0x4 
                [!provide]                        PROVIDE (end = .)
                0x0000000020000ed8                PROVIDE (_end = .)
                0x00000000200010d8                . = (. + _Min_Heap_Size)
 *fill*         0x0000000020000ed8      0x200 
                0x00000000200014d8                . = (. + _Min_Stack_Size)
 *fill*         0x00000000200010d8      0x400 
                0x00000000200014d8                . = ALIGN (0x8)

/DISCARD/
 libc.a(*)
 libm.a(*)
 libgcc.a(*)

.ARM.attributes
                0x0000000000000000       0x29
 *(.ARM.attributes)
 .ARM.attributes
                0x0000000000000000       0x1d c:/st/stm32cubeide_1.10.1/stm32cubeide/plugins/com.st.stm32cube.ide.mcu.externaltools.gnu-tools-for-stm32.10.3-2021.10.win32_1.0.0.202111181127/tools/bin/../lib/gcc/arm-none-eabi/10.3.1/thumb/v7-m/nofp/crti.o
 .ARM.attributes
                0x000000000000001d       0x2d c:/st/stm32cubeide_1.10.1/stm32cubeide/plugins/com.st.stm32cube.ide.mcu.externaltools.gnu-tools-for-stm32.10.3-2021.10.win32_1.0.0.202111181127/tools/bin/../lib/gcc/arm-none-eabi/10.3.1/thumb/v7-m/nofp/crtbegin.o
 .ARM.attributes
                0x000000000000004a       0x2d ./Core/Src/flash.o
 .ARM.attributes
                0x0000000000000077       0x2d ./Core/Src/lcd.o
 .ARM.attributes
                0x00000000000000a4       0x2d ./Core/Src/listmenu.o
 .ARM.attributes
                0x00000000000000d1       0x2d ./Core/Src/lock.o
 .ARM.attributes
                0x00000000000000fe       0x2d ./Core/Src/main.o
 .ARM.attributes
                0x000000000000012b       0x2d ./Core/Src/password.o
 .ARM.attributes
                0x0000000000000158       0x2d ./Core/Src/rc522.o
 .ARM.attributes
                0x0000000000000185       0x2d ./Core/Src/state.o
 .ARM.attributes
                0x00000000000001b2       0x2d ./Core/Src/stateCardID.o
 .ARM.attributes
                0x00000000000001df       0x2d ./Core/Src/stateFaceID.o
 .ARM.attributes
                0x000000000000020c       0x2d ./Core/Src/stateMenu.o
 .ARM.attributes
                0x0000000000000239       0x2d ./Core/Src/stm32f1xx_hal_msp.o
 .ARM.attributes
                0x0000000000000266       0x2d ./Core/Src/stm32f1xx_it.o
 .ARM.attributes
                0x0000000000000293       0x2d ./Core/Src/subcardid.o
 .ARM.attributes
                0x00000000000002c0       0x2d ./Core/Src/subgpio.o
 .ARM.attributes
                0x00000000000002ed       0x2d ./Core/Src/sysmem.o
 .ARM.attributes
                0x000000000000031a       0x2d ./Core/Src/system_stm32f1xx.o
 .ARM.attributes
                0x0000000000000347       0x21 ./Core/Startup/startup_stm32f103c8tx.o
 .ARM.attributes
                0x0000000000000368       0x2d ./Drivers/STM32F1xx_HAL_Driver/Src/stm32f1xx_hal.o
 .ARM.attributes
                0x0000000000000395       0x2d ./Drivers/STM32F1xx_HAL_Driver/Src/stm32f1xx_hal_cortex.o
 .ARM.attributes
                0x00000000000003c2       0x2d ./Drivers/STM32F1xx_HAL_Driver/Src/stm32f1xx_hal_flash.o
 .ARM.attributes
                0x00000000000003ef       0x2d ./Drivers/STM32F1xx_HAL_Driver/Src/stm32f1xx_hal_flash_ex.o
 .ARM.attributes
                0x000000000000041c       0x2d ./Drivers/STM32F1xx_HAL_Driver/Src/stm32f1xx_hal_gpio.o
 .ARM.attributes
                0x0000000000000449       0x2d ./Drivers/STM32F1xx_HAL_Driver/Src/stm32f1xx_hal_pcd.o
 .ARM.attributes
                0x0000000000000476       0x2d ./Drivers/STM32F1xx_HAL_Driver/Src/stm32f1xx_hal_pcd_ex.o
 .ARM.attributes
                0x00000000000004a3       0x2d ./Drivers/STM32F1xx_HAL_Driver/Src/stm32f1xx_hal_rcc.o
 .ARM.attributes
                0x00000000000004d0       0x2d ./Drivers/STM32F1xx_HAL_Driver/Src/stm32f1xx_hal_rcc_ex.o
 .ARM.attributes
                0x00000000000004fd       0x2d ./Drivers/STM32F1xx_HAL_Driver/Src/stm32f1xx_hal_spi.o
 .ARM.attributes
                0x000000000000052a       0x2d ./Drivers/STM32F1xx_HAL_Driver/Src/stm32f1xx_hal_tim.o
 .ARM.attributes
                0x0000000000000557       0x2d ./Drivers/STM32F1xx_HAL_Driver/Src/stm32f1xx_hal_tim_ex.o
 .ARM.attributes
                0x0000000000000584       0x2d ./Drivers/STM32F1xx_HAL_Driver/Src/stm32f1xx_ll_usb.o
 .ARM.attributes
                0x00000000000005b1       0x2d ./Middlewares/ST/STM32_USB_Device_Library/Class/CDC/Src/usbd_cdc.o
 .ARM.attributes
                0x00000000000005de       0x2d ./Middlewares/ST/STM32_USB_Device_Library/Core/Src/usbd_core.o
 .ARM.attributes
                0x000000000000060b       0x2d ./Middlewares/ST/STM32_USB_Device_Library/Core/Src/usbd_ctlreq.o
 .ARM.attributes
                0x0000000000000638       0x2d ./Middlewares/ST/STM32_USB_Device_Library/Core/Src/usbd_ioreq.o
 .ARM.attributes
                0x0000000000000665       0x2d ./USB_DEVICE/App/usb_device.o
 .ARM.attributes
                0x0000000000000692       0x2d ./USB_DEVICE/App/usbd_cdc_if.o
 .ARM.attributes
                0x00000000000006bf       0x2d ./USB_DEVICE/App/usbd_desc.o
 .ARM.attributes
                0x00000000000006ec       0x2d ./USB_DEVICE/Target/usbd_conf.o
 .ARM.attributes
                0x0000000000000719       0x2d c:/st/stm32cubeide_1.10.1/stm32cubeide/plugins/com.st.stm32cube.ide.mcu.externaltools.gnu-tools-for-stm32.10.3-2021.10.win32_1.0.0.202111181127/tools/bin/../lib/gcc/arm-none-eabi/10.3.1/../../../../arm-none-eabi/lib/thumb/v7-m/nofp\libc_nano.a(lib_a-errno.o)
 .ARM.attributes
                0x0000000000000746       0x2d c:/st/stm32cubeide_1.10.1/stm32cubeide/plugins/com.st.stm32cube.ide.mcu.externaltools.gnu-tools-for-stm32.10.3-2021.10.win32_1.0.0.202111181127/tools/bin/../lib/gcc/arm-none-eabi/10.3.1/../../../../arm-none-eabi/lib/thumb/v7-m/nofp\libc_nano.a(lib_a-impure.o)
 .ARM.attributes
                0x0000000000000773       0x2d c:/st/stm32cubeide_1.10.1/stm32cubeide/plugins/com.st.stm32cube.ide.mcu.externaltools.gnu-tools-for-stm32.10.3-2021.10.win32_1.0.0.202111181127/tools/bin/../lib/gcc/arm-none-eabi/10.3.1/../../../../arm-none-eabi/lib/thumb/v7-m/nofp\libc_nano.a(lib_a-init.o)
 .ARM.attributes
                0x00000000000007a0       0x2d c:/st/stm32cubeide_1.10.1/stm32cubeide/plugins/com.st.stm32cube.ide.mcu.externaltools.gnu-tools-for-stm32.10.3-2021.10.win32_1.0.0.202111181127/tools/bin/../lib/gcc/arm-none-eabi/10.3.1/../../../../arm-none-eabi/lib/thumb/v7-m/nofp\libc_nano.a(lib_a-memcpy-stub.o)
 .ARM.attributes
                0x00000000000007cd       0x2d c:/st/stm32cubeide_1.10.1/stm32cubeide/plugins/com.st.stm32cube.ide.mcu.externaltools.gnu-tools-for-stm32.10.3-2021.10.win32_1.0.0.202111181127/tools/bin/../lib/gcc/arm-none-eabi/10.3.1/../../../../arm-none-eabi/lib/thumb/v7-m/nofp\libc_nano.a(lib_a-memset.o)
 .ARM.attributes
                0x00000000000007fa       0x2d c:/st/stm32cubeide_1.10.1/stm32cubeide/plugins/com.st.stm32cube.ide.mcu.externaltools.gnu-tools-for-stm32.10.3-2021.10.win32_1.0.0.202111181127/tools/bin/../lib/gcc/arm-none-eabi/10.3.1/../../../../arm-none-eabi/lib/thumb/v7-m/nofp\libc_nano.a(lib_a-sprintf.o)
 .ARM.attributes
                0x0000000000000827       0x2d c:/st/stm32cubeide_1.10.1/stm32cubeide/plugins/com.st.stm32cube.ide.mcu.externaltools.gnu-tools-for-stm32.10.3-2021.10.win32_1.0.0.202111181127/tools/bin/../lib/gcc/arm-none-eabi/10.3.1/../../../../arm-none-eabi/lib/thumb/v7-m/nofp\libc_nano.a(lib_a-nano-svfprintf.o)
 .ARM.attributes
                0x0000000000000854       0x2d c:/st/stm32cubeide_1.10.1/stm32cubeide/plugins/com.st.stm32cube.ide.mcu.externaltools.gnu-tools-for-stm32.10.3-2021.10.win32_1.0.0.202111181127/tools/bin/../lib/gcc/arm-none-eabi/10.3.1/../../../../arm-none-eabi/lib/thumb/v7-m/nofp\libc_nano.a(lib_a-nano-vfprintf_i.o)
 .ARM.attributes
                0x0000000000000881       0x2d c:/st/stm32cubeide_1.10.1/stm32cubeide/plugins/com.st.stm32cube.ide.mcu.externaltools.gnu-tools-for-stm32.10.3-2021.10.win32_1.0.0.202111181127/tools/bin/../lib/gcc/arm-none-eabi/10.3.1/../../../../arm-none-eabi/lib/thumb/v7-m/nofp\libc_nano.a(lib_a-memchr-stub.o)
 .ARM.attributes
                0x00000000000008ae       0x2d c:/st/stm32cubeide_1.10.1/stm32cubeide/plugins/com.st.stm32cube.ide.mcu.externaltools.gnu-tools-for-stm32.10.3-2021.10.win32_1.0.0.202111181127/tools/bin/../lib/gcc/arm-none-eabi/10.3.1/../../../../arm-none-eabi/lib/thumb/v7-m/nofp\libc_nano.a(lib_a-memmove.o)
 .ARM.attributes
                0x00000000000008db       0x2d c:/st/stm32cubeide_1.10.1/stm32cubeide/plugins/com.st.stm32cube.ide.mcu.externaltools.gnu-tools-for-stm32.10.3-2021.10.win32_1.0.0.202111181127/tools/bin/../lib/gcc/arm-none-eabi/10.3.1/../../../../arm-none-eabi/lib/thumb/v7-m/nofp\libc_nano.a(lib_a-nano-freer.o)
 .ARM.attributes
                0x0000000000000908       0x2d c:/st/stm32cubeide_1.10.1/stm32cubeide/plugins/com.st.stm32cube.ide.mcu.externaltools.gnu-tools-for-stm32.10.3-2021.10.win32_1.0.0.202111181127/tools/bin/../lib/gcc/arm-none-eabi/10.3.1/../../../../arm-none-eabi/lib/thumb/v7-m/nofp\libc_nano.a(lib_a-nano-mallocr.o)
 .ARM.attributes
                0x0000000000000935       0x2d c:/st/stm32cubeide_1.10.1/stm32cubeide/plugins/com.st.stm32cube.ide.mcu.externaltools.gnu-tools-for-stm32.10.3-2021.10.win32_1.0.0.202111181127/tools/bin/../lib/gcc/arm-none-eabi/10.3.1/../../../../arm-none-eabi/lib/thumb/v7-m/nofp\libc_nano.a(lib_a-nano-reallocr.o)
 .ARM.attributes
                0x0000000000000962       0x2d c:/st/stm32cubeide_1.10.1/stm32cubeide/plugins/com.st.stm32cube.ide.mcu.externaltools.gnu-tools-for-stm32.10.3-2021.10.win32_1.0.0.202111181127/tools/bin/../lib/gcc/arm-none-eabi/10.3.1/../../../../arm-none-eabi/lib/thumb/v7-m/nofp\libc_nano.a(lib_a-sbrkr.o)
 .ARM.attributes
                0x000000000000098f       0x2d c:/st/stm32cubeide_1.10.1/stm32cubeide/plugins/com.st.stm32cube.ide.mcu.externaltools.gnu-tools-for-stm32.10.3-2021.10.win32_1.0.0.202111181127/tools/bin/../lib/gcc/arm-none-eabi/10.3.1/../../../../arm-none-eabi/lib/thumb/v7-m/nofp\libc_nano.a(lib_a-mlock.o)
 .ARM.attributes
                0x00000000000009bc       0x2d c:/st/stm32cubeide_1.10.1/stm32cubeide/plugins/com.st.stm32cube.ide.mcu.externaltools.gnu-tools-for-stm32.10.3-2021.10.win32_1.0.0.202111181127/tools/bin/../lib/gcc/arm-none-eabi/10.3.1/../../../../arm-none-eabi/lib/thumb/v7-m/nofp\libc_nano.a(lib_a-nano-msizer.o)
 .ARM.attributes
                0x00000000000009e9       0x2d c:/st/stm32cubeide_1.10.1/stm32cubeide/plugins/com.st.stm32cube.ide.mcu.externaltools.gnu-tools-for-stm32.10.3-2021.10.win32_1.0.0.202111181127/tools/bin/../lib/gcc/arm-none-eabi/10.3.1/../../../../arm-none-eabi/lib/thumb/v7-m/nofp\libc_nano.a(lib_a-reent.o)
 .ARM.attributes
                0x0000000000000a16       0x2d c:/st/stm32cubeide_1.10.1/stm32cubeide/plugins/com.st.stm32cube.ide.mcu.externaltools.gnu-tools-for-stm32.10.3-2021.10.win32_1.0.0.202111181127/tools/bin/../lib/gcc/arm-none-eabi/10.3.1/../../../../arm-none-eabi/lib/thumb/v7-m/nofp\libc_nano.a(lib_a-lock.o)
 .ARM.attributes
                0x0000000000000a43       0x1d c:/st/stm32cubeide_1.10.1/stm32cubeide/plugins/com.st.stm32cube.ide.mcu.externaltools.gnu-tools-for-stm32.10.3-2021.10.win32_1.0.0.202111181127/tools/bin/../lib/gcc/arm-none-eabi/10.3.1/thumb/v7-m/nofp/crtn.o
OUTPUT(doan1.elf elf32-littlearm)
LOAD linker stubs
LOAD c:/st/stm32cubeide_1.10.1/stm32cubeide/plugins/com.st.stm32cube.ide.mcu.externaltools.gnu-tools-for-stm32.10.3-2021.10.win32_1.0.0.202111181127/tools/bin/../lib/gcc/arm-none-eabi/10.3.1/../../../../arm-none-eabi/lib/thumb/v7-m/nofp\libc.a
LOAD c:/st/stm32cubeide_1.10.1/stm32cubeide/plugins/com.st.stm32cube.ide.mcu.externaltools.gnu-tools-for-stm32.10.3-2021.10.win32_1.0.0.202111181127/tools/bin/../lib/gcc/arm-none-eabi/10.3.1/../../../../arm-none-eabi/lib/thumb/v7-m/nofp\libm.a
LOAD c:/st/stm32cubeide_1.10.1/stm32cubeide/plugins/com.st.stm32cube.ide.mcu.externaltools.gnu-tools-for-stm32.10.3-2021.10.win32_1.0.0.202111181127/tools/bin/../lib/gcc/arm-none-eabi/10.3.1/thumb/v7-m/nofp\libgcc.a

.debug_info     0x0000000000000000    0x18c85
 .debug_info    0x0000000000000000      0x3cc ./Core/Src/flash.o
 .debug_info    0x00000000000003cc      0x863 ./Core/Src/lcd.o
 .debug_info    0x0000000000000c2f      0xcb2 ./Core/Src/listmenu.o
 .debug_info    0x00000000000018e1      0x36e ./Core/Src/lock.o
 .debug_info    0x0000000000001c4f     0x1526 ./Core/Src/main.o
 .debug_info    0x0000000000003175      0x58b ./Core/Src/password.o
 .debug_info    0x0000000000003700      0xdb0 ./Core/Src/rc522.o
 .debug_info    0x00000000000044b0       0xa0 ./Core/Src/state.o
 .debug_info    0x0000000000004550      0x399 ./Core/Src/stateCardID.o
 .debug_info    0x00000000000048e9      0x102 ./Core/Src/stateFaceID.o
 .debug_info    0x00000000000049eb      0x663 ./Core/Src/stateMenu.o
 .debug_info    0x000000000000504e      0xdd1 ./Core/Src/stm32f1xx_hal_msp.o
 .debug_info    0x0000000000005e1f      0xc0e ./Core/Src/stm32f1xx_it.o
 .debug_info    0x0000000000006a2d      0x2e8 ./Core/Src/subcardid.o
 .debug_info    0x0000000000006d15      0x441 ./Core/Src/subgpio.o
 .debug_info    0x0000000000007156      0x171 ./Core/Src/sysmem.o
 .debug_info    0x00000000000072c7      0x23d ./Core/Src/system_stm32f1xx.o
 .debug_info    0x0000000000007504       0x22 ./Core/Startup/startup_stm32f103c8tx.o
 .debug_info    0x0000000000007526      0x734 ./Drivers/STM32F1xx_HAL_Driver/Src/stm32f1xx_hal.o
 .debug_info    0x0000000000007c5a      0xb20 ./Drivers/STM32F1xx_HAL_Driver/Src/stm32f1xx_hal_cortex.o
 .debug_info    0x000000000000877a      0x547 ./Drivers/STM32F1xx_HAL_Driver/Src/stm32f1xx_hal_flash.o
 .debug_info    0x0000000000008cc1      0x7e5 ./Drivers/STM32F1xx_HAL_Driver/Src/stm32f1xx_hal_flash_ex.o
 .debug_info    0x00000000000094a6      0x615 ./Drivers/STM32F1xx_HAL_Driver/Src/stm32f1xx_hal_gpio.o
 .debug_info    0x0000000000009abb     0x16ab ./Drivers/STM32F1xx_HAL_Driver/Src/stm32f1xx_hal_pcd.o
 .debug_info    0x000000000000b166      0x728 ./Drivers/STM32F1xx_HAL_Driver/Src/stm32f1xx_hal_pcd_ex.o
 .debug_info    0x000000000000b88e      0x860 ./Drivers/STM32F1xx_HAL_Driver/Src/stm32f1xx_hal_rcc.o
 .debug_info    0x000000000000c0ee      0x3e0 ./Drivers/STM32F1xx_HAL_Driver/Src/stm32f1xx_hal_rcc_ex.o
 .debug_info    0x000000000000c4ce     0x1658 ./Drivers/STM32F1xx_HAL_Driver/Src/stm32f1xx_hal_spi.o
 .debug_info    0x000000000000db26     0x29de ./Drivers/STM32F1xx_HAL_Driver/Src/stm32f1xx_hal_tim.o
 .debug_info    0x0000000000010504     0x1513 ./Drivers/STM32F1xx_HAL_Driver/Src/stm32f1xx_hal_tim_ex.o
 .debug_info    0x0000000000011a17     0x190d ./Drivers/STM32F1xx_HAL_Driver/Src/stm32f1xx_ll_usb.o
 .debug_info    0x0000000000013324     0x10f1 ./Middlewares/ST/STM32_USB_Device_Library/Class/CDC/Src/usbd_cdc.o
 .debug_info    0x0000000000014415      0xb02 ./Middlewares/ST/STM32_USB_Device_Library/Core/Src/usbd_core.o